Archive member included because of file (symbol)

/usr/lib/gcc/arm-none-eabi/4.8.2/armv7-m/libgcc.a(_lshrdi3.o)
                              ./build-lm3s6965evb-test/lib/libc.mod.o (__aeabi_llsr)
/usr/lib/gcc/arm-none-eabi/4.8.2/armv7-m/libgcc.a(_arm_addsubdf3.o)
                              ./build-lm3s6965evb-test/external/lib/libm.mod.o (__aeabi_dsub)
/usr/lib/gcc/arm-none-eabi/4.8.2/armv7-m/libgcc.a(_arm_muldivdf3.o)
                              ./build-lm3s6965evb-test/external/lib/libm.mod.o (__aeabi_dmul)
/usr/lib/gcc/arm-none-eabi/4.8.2/armv7-m/libgcc.a(_arm_cmpdf2.o)
                              ./build-lm3s6965evb-test/external/lib/libm.mod.o (__aeabi_dcmpeq)
/usr/lib/gcc/arm-none-eabi/4.8.2/armv7-m/libgcc.a(_arm_fixdfsi.o)
                              ./build-lm3s6965evb-test/external/lib/libm.mod.o (__aeabi_d2iz)
/usr/lib/gcc/arm-none-eabi/4.8.2/armv7-m/libgcc.a(_arm_fixunsdfsi.o)
                              ./build-lm3s6965evb-test/lib/libc.mod.o (__aeabi_d2uiz)
/usr/lib/gcc/arm-none-eabi/4.8.2/armv7-m/libgcc.a(_arm_truncdfsf2.o)
                              ./build-lm3s6965evb-test/external/lib/libm.mod.o (__aeabi_d2f)
/usr/lib/gcc/arm-none-eabi/4.8.2/armv7-m/libgcc.a(_arm_addsubsf3.o)
                              ./build-lm3s6965evb-test/external/lib/libm.mod.o (__aeabi_fsub)
/usr/lib/gcc/arm-none-eabi/4.8.2/armv7-m/libgcc.a(_arm_muldivsf3.o)
                              ./build-lm3s6965evb-test/external/lib/libm.mod.o (__aeabi_fmul)
/usr/lib/gcc/arm-none-eabi/4.8.2/armv7-m/libgcc.a(_arm_cmpsf2.o)
                              ./build-lm3s6965evb-test/external/lib/libm.mod.o (__aeabi_fcmple)
/usr/lib/gcc/arm-none-eabi/4.8.2/armv7-m/libgcc.a(_arm_fixsfsi.o)
                              ./build-lm3s6965evb-test/external/lib/libm.mod.o (__aeabi_f2iz)
/usr/lib/gcc/arm-none-eabi/4.8.2/armv7-m/libgcc.a(_aeabi_ldivmod.o)
                              ./build-lm3s6965evb-test/external/lib/cksum.mod.o (__aeabi_ldivmod)
/usr/lib/gcc/arm-none-eabi/4.8.2/armv7-m/libgcc.a(_aeabi_uldivmod.o)
                              ./build-lm3s6965evb-test/app/stringtests.mod.o (__aeabi_uldivmod)
/usr/lib/gcc/arm-none-eabi/4.8.2/armv7-m/libgcc.a(bpabi.o)
                              /usr/lib/gcc/arm-none-eabi/4.8.2/armv7-m/libgcc.a(_aeabi_ldivmod.o) (__gnu_ldivmod_helper)
/usr/lib/gcc/arm-none-eabi/4.8.2/armv7-m/libgcc.a(_dvmd_tls.o)
                              /usr/lib/gcc/arm-none-eabi/4.8.2/armv7-m/libgcc.a(_aeabi_ldivmod.o) (__aeabi_ldiv0)
/usr/lib/gcc/arm-none-eabi/4.8.2/armv7-m/libgcc.a(_divdi3.o)
                              /usr/lib/gcc/arm-none-eabi/4.8.2/armv7-m/libgcc.a(bpabi.o) (__divdi3)
/usr/lib/gcc/arm-none-eabi/4.8.2/armv7-m/libgcc.a(_udivdi3.o)
                              /usr/lib/gcc/arm-none-eabi/4.8.2/armv7-m/libgcc.a(bpabi.o) (__udivdi3)

Discarded input sections

 .text          0x00000000        0x0 ./build-lm3s6965evb-test/target/lm3s6965evb.mod.o
 .data          0x00000000        0x0 ./build-lm3s6965evb-test/target/lm3s6965evb.mod.o
 .bss           0x00000000        0x0 ./build-lm3s6965evb-test/target/lm3s6965evb.mod.o
 .comment       0x00000000       0x20 ./build-lm3s6965evb-test/target/lm3s6965evb.mod.o
 .debug_aranges
                0x00000000       0x18 ./build-lm3s6965evb-test/target/lm3s6965evb.mod.o
 .debug_info    0x00000000       0x72 ./build-lm3s6965evb-test/target/lm3s6965evb.mod.o
 .debug_abbrev  0x00000000       0x26 ./build-lm3s6965evb-test/target/lm3s6965evb.mod.o
 .debug_line    0x00000000       0x1d ./build-lm3s6965evb-test/target/lm3s6965evb.mod.o
 .debug_str     0x00000000      0x141 ./build-lm3s6965evb-test/target/lm3s6965evb.mod.o
 .ARM.attributes
                0x00000000       0x33 ./build-lm3s6965evb-test/target/lm3s6965evb.mod.o
 .text          0x00000000        0x0 ./build-lm3s6965evb-test/platform/stellaris.mod.o
 .text.gpio_set
                0x00000000       0x3c ./build-lm3s6965evb-test/platform/stellaris.mod.o
 .text.gpio_get
                0x00000000       0x2c ./build-lm3s6965evb-test/platform/stellaris.mod.o
 .text.usbc_ep0_recv
                0x00000000       0x14 ./build-lm3s6965evb-test/platform/stellaris.mod.o
 .text.usbc_set_active
                0x00000000       0x2c ./build-lm3s6965evb-test/platform/stellaris.mod.o
 .text.usbc_setup_endpoint
                0x00000000       0x14 ./build-lm3s6965evb-test/platform/stellaris.mod.o
 .text.usbc_queue_rx
                0x00000000       0x14 ./build-lm3s6965evb-test/platform/stellaris.mod.o
 .text.usbc_queue_tx
                0x00000000       0x14 ./build-lm3s6965evb-test/platform/stellaris.mod.o
 .text.usbc_flush_ep
                0x00000000       0x14 ./build-lm3s6965evb-test/platform/stellaris.mod.o
 .rodata.CSWTCH.4
                0x00000000       0x38 ./build-lm3s6965evb-test/platform/stellaris.mod.o
 .rodata.__PRETTY_FUNCTION__.5810
                0x00000000        0xe ./build-lm3s6965evb-test/platform/stellaris.mod.o
 .rodata.__PRETTY_FUNCTION__.5800
[...]
Memory Configuration

Name             Origin             Length             Attributes
*default*        0x00000000         0xffffffff

Linker script and memory map

LOAD ./build-lm3s6965evb-test/target/lm3s6965evb.mod.o
LOAD ./build-lm3s6965evb-test/platform/stellaris.mod.o
LOAD ./build-lm3s6965evb-test/arch/arm.mod.o
LOAD ./build-lm3s6965evb-test/top.mod.o
LOAD ./build-lm3s6965evb-test/app.mod.o
LOAD ./build-lm3s6965evb-test/app/shell.mod.o
LOAD ./build-lm3s6965evb-test/app/stringtests.mod.o
LOAD ./build-lm3s6965evb-test/app/tests.mod.o
LOAD ./build-lm3s6965evb-test/arch/arm/arm-m/systick.mod.o
LOAD ./build-lm3s6965evb-test/dev.mod.o
LOAD ./build-lm3s6965evb-test/dev/usb.mod.o
LOAD ./build-lm3s6965evb-test/kernel.mod.o
LOAD ./build-lm3s6965evb-test/external/lib/aes.mod.o
LOAD ./build-lm3s6965evb-test/external/lib/aes/test.mod.o
LOAD ./build-lm3s6965evb-test/lib/cbuf.mod.o
LOAD ./build-lm3s6965evb-test/external/lib/cksum.mod.o
LOAD ./build-lm3s6965evb-test/lib/debugcommands.mod.o
LOAD ./build-lm3s6965evb-test/external/lib/libm.mod.o
LOAD ./build-lm3s6965evb-test/lib/version.mod.o
LOAD ./build-lm3s6965evb-test/platform.mod.o
LOAD ./build-lm3s6965evb-test/external/platform/stellaris/ti-driverlib.mod.o
LOAD ./build-lm3s6965evb-test/target.mod.o
LOAD ./build-lm3s6965evb-test/kernel/novm.mod.o
LOAD ./build-lm3s6965evb-test/lib/console.mod.o
LOAD ./build-lm3s6965evb-test/lib/debug.mod.o
LOAD ./build-lm3s6965evb-test/lib/heap.mod.o
LOAD ./build-lm3s6965evb-test/lib/libc.mod.o
LOAD ./build-lm3s6965evb-test/lib/heap/miniheap.mod.o
LOAD ./build-lm3s6965evb-test/lib/io.mod.o
LOAD /usr/lib/gcc/arm-none-eabi/4.8.2/armv7-m/libgcc.a
                0x00000000                . = 0x0
                0x00000000                __rom_start = .

.text           0x00000000     0xe3d4
 *(.text.boot.vectab1)
 .text.boot.vectab1
                0x00000000       0x40 ./build-lm3s6965evb-test/arch/arm.mod.o
                0x00000000                vectab
 *(.text.boot.vectab2)
 .text.boot.vectab2
                0x00000040      0x22c ./build-lm3s6965evb-test/platform/stellaris.mod.o
                0x00000040                vectab2
 *(.text.boot)
 *(.text* .sram.text.glue_7* .gnu.linkonce.t.*)
 .text.stellaris_uart0_irq
                0x0000026c       0x48 ./build-lm3s6965evb-test/platform/stellaris.mod.o
                0x0000026c                stellaris_uart0_irq
 .text.stellaris_debug_early_init
                0x000002b4       0x30 ./build-lm3s6965evb-test/platform/stellaris.mod.o
                0x000002b4                stellaris_debug_early_init
 .text.stellaris_debug_init
                0x000002e4       0x28 ./build-lm3s6965evb-test/platform/stellaris.mod.o
                0x000002e4                stellaris_debug_init
 .text.platform_dputc
                0x0000030c       0x20 ./build-lm3s6965evb-test/platform/stellaris.mod.o
                0x0000030c                platform_dputc
 .text.platform_dgetc
                0x0000032c       0x10 ./build-lm3s6965evb-test/platform/stellaris.mod.o
                0x0000032c                platform_dgetc
 .text.stellaris_gpio_early_init
                0x0000033c       0x60 ./build-lm3s6965evb-test/platform/stellaris.mod.o
                0x0000033c                stellaris_gpio_early_init
 .text.stellaris_gpio_init
                0x0000039c        0x2 ./build-lm3s6965evb-test/platform/stellaris.mod.o
                0x0000039c                stellaris_gpio_init
 *fill*         0x0000039e        0x2 
 .text.platform_early_init
                0x000003a0       0x24 ./build-lm3s6965evb-test/platform/stellaris.mod.o
                0x000003a0                platform_early_init
 .text.platform_init
                0x000003c4      0x120 ./build-lm3s6965evb-test/platform/stellaris.mod.o
                0x000003c4                platform_init
 .text.stellaris_usbc_early_init
                0x000004e4        0x2 ./build-lm3s6965evb-test/platform/stellaris.mod.o
                0x000004e4                stellaris_usbc_early_init
 *fill*         0x000004e6        0x2 
 .text.stellaris_usbc_init
                0x000004e8       0x50 ./build-lm3s6965evb-test/platform/stellaris.mod.o
                0x000004e8                stellaris_usbc_init
 .text.stellaris_usb0_irq
                0x00000538       0x98 ./build-lm3s6965evb-test/platform/stellaris.mod.o
                0x00000538                stellaris_usb0_irq
 .text.usbc_ep0_ack
                0x000005d0       0x10 ./build-lm3s6965evb-test/platform/stellaris.mod.o
                0x000005d0                usbc_ep0_ack
 .text.usbc_ep0_stall
                0x000005e0       0x10 ./build-lm3s6965evb-test/platform/stellaris.mod.o
                0x000005e0                usbc_ep0_stall
 .text.usbc_ep0_send
                0x000005f0       0x2c ./build-lm3s6965evb-test/platform/stellaris.mod.o
                0x000005f0                usbc_ep0_send
 .text.usbc_set_address
                0x0000061c       0x14 ./build-lm3s6965evb-test/platform/stellaris.mod.o
                0x0000061c                usbc_set_address
 .text.usbc_is_highspeed
                0x00000630        0x4 ./build-lm3s6965evb-test/platform/stellaris.mod.o
                0x00000630                usbc_is_highspeed
 .text.stellaris_dummy_irq
                0x00000634       0x14 ./build-lm3s6965evb-test/platform/stellaris.mod.o
                0x00000634                stellaris_timer2_subtimerA_irq
                0x00000634                stellaris_wide_timer3_subtimerA_irq
                0x00000634                stellaris_quad_encoder0_irq
                0x00000634                stellaris_wide_timer4_subtimerB_irq
                0x00000634                stellaris_uart3_irq
                0x00000634                stellaris_uart5_irq
                0x00000634                stellaris_adc_seq1_irq
                0x00000634                stellaris_wide_timer4_subtimerA_irq
                0x00000634                stellaris_timer4_subtimerB_irq
                0x00000634                stellaris_ext_bus0_irq
                0x00000634                stellaris_wide_timer1_subtimerB_irq
                0x00000634                stellaris_ethernet_irq
                0x00000634                stellaris_pwm1_fault_irq
                0x00000634                stellaris_gpio_portn_irq
                0x00000634                stellaris_timer0_subtimerB_irq
                0x00000634                stellaris_wide_timer2_subtimerB_irq
                0x00000634                stellaris_lpc0_irq
                0x00000634                stellaris_can0_irq
                0x00000634                stellaris_gpio_portq1_irq
                0x00000634                stellaris_ssi2_irq
                0x00000634                stellaris_udma_error_irq
                0x00000634                stellaris_gpio_portk_irq
                0x00000634                stellaris_dummy_irq
                0x00000634                stellaris_gpio_portg_irq
                0x00000634                stellaris_timer3_subtimerB_irq
                0x00000634                stellaris_gpio_portq5_irq
                0x00000634                stellaris_gpio_portd_irq
                0x00000634                stellaris_hibernate_irq
                0x00000634                stellaris_timer0_subtimerA_irq
                0x00000634                stellaris_timer3_subtimerA_irq
                0x00000634                stellaris_gpio_portp3_irq
                0x00000634                stellaris_gpio_portj_irq
                0x00000634                stellaris_gpio_portp4_irq
                0x00000634                stellaris_can2_irq
                0x00000634                stellaris_quad_encoder1_irq
                0x00000634                stellaris_gpio_portq2_irq
                0x00000634                stellaris_gpio_portm_irq
                0x00000634                stellaris_ssi0_irq
                0x00000634                stellaris_uart6_irq
                0x00000634                stellaris_pwm_fault_irq
                0x00000634                stellaris_timer4_subtimerA_irq
                0x00000634                stellaris_uart1_irq
                0x00000634                stellaris_ad1_seq3_irq
                0x00000634                stellaris_adc_seq0_irq
                0x00000634                stellaris_gpio_portp0_irq
                0x00000634                stellaris_ssi1_irq
                0x00000634                stellaris_timer2_subtimerB_irq
                0x00000634                stellaris_gpio_portq3_irq
                0x00000634                stellaris_timer1_subtimerA_irq
                0x00000634                stellaris_gpio_portp7_irq
                0x00000634                stellaris_udma_software_irq
                0x00000634                stellaris_i2s0_irq
                0x00000634                stellaris_gpio_portq0_irq
                0x00000634                stellaris_analog_comp0_irq
                0x00000634                stellaris_pwm1_gen0_irq
                0x00000634                stellaris_watchdog_timer_irq
                0x00000634                stellaris_gpio_portq4_irq
                0x00000634                stellaris_gpio_portc_irq
                0x00000634                stellaris_can1_irq
                0x00000634                stellaris_analog_comp1_irq
                0x00000634                stellaris_gpio_porth_irq
                0x00000634                stellaris_i2c2_irq
                0x00000634                stellaris_wide_timer0_subtimerA_irq
                0x00000634                stellaris_i2c3_irq
                0x00000634                stellaris_peci0_irq
                0x00000634                stellaris_ad1_seq0_irq
                0x00000634                stellaris_pwm_gen2_irq
                0x00000634                stellaris_timer5_subtimerA_irq
                0x00000634                stellaris_gpio_porte_irq
                0x00000634                stellaris_i2c4_irq
                0x00000634                stellaris_gpio_portp1_irq
                0x00000634                stellaris_gpio_portq7_irq
                0x00000634                stellaris_gpio_portp6_irq
                0x00000634                stellaris_i2c0_irq
                0x00000634                stellaris_flash_control_irq
                0x00000634                stellaris_wide_timer2_subtimerA_irq
                0x00000634                stellaris_uart4_irq
                0x00000634                stellaris_pwm1_gen2_irq
                0x00000634                stellaris_gpio_portl_irq
                0x00000634                stellaris_quad_encoder2_irq
                0x00000634                stellaris_pwm_gen0_irq
                0x00000634                stellaris_wide_timer5_subtimerA_irq
                0x00000634                stellaris_uart7_irq
                0x00000634                stellaris_gpio_porta_irq
                0x00000634                stellaris_fpu_irq
                0x00000634                stellaris_timer1_subtimerB_irq
                0x00000634                stellaris_sys_control_irq
                0x00000634                stellaris_pwm1_gen3_irq
                0x00000634                stellaris_wide_timer6_subtimerB_irq
                0x00000634                stellaris_wide_timer1_subtimerA_irq
                0x00000634                stellaris_gpio_portq6_irq
                0x00000634                stellaris_ad1_seq2_irq
                0x00000634                stellaris_fan0_irq
                0x00000634                stellaris_gpio_portp2_irq
                0x00000634                stellaris_wide_timer3_subtimerB_irq
                0x00000634                stellaris_pwm_gen3_irq
                0x00000634                stellaris_pwm1_gen1_irq
                0x00000634                stellaris_adc_seq3_irq
                0x00000634                stellaris_analog_comp2_irq
                0x00000634                stellaris_uart2_irq
                0x00000634                stellaris_ad1_seq1_irq
                0x00000634                stellaris_gpio_portp5_irq
                0x00000634                stellaris_gpio_portr_irq
                0x00000634                stellaris_wide_timer0_subtimerB_irq
                0x00000634                stellaris_gpio_portf_irq
                0x00000634                stellaris_gpio_ports_irq
                0x00000634                stellaris_ssi3_irq
                0x00000634                stellaris_adc_seq2_irq
                0x00000634                stellaris_timer5_subtimerB_irq
                0x00000634                stellaris_gpio_portb_irq
                0x00000634                stellaris_i2c5_irq
                0x00000634                stellaris_i2c1_irq
                0x00000634                stellaris_pwm_gen1_irq
 .text.arch_early_init
                0x00000648       0xa8 ./build-lm3s6965evb-test/arch/arm.mod.o
                0x00000648                arch_early_init
 .text.arch_init
                0x000006f0       0x34 ./build-lm3s6965evb-test/arch/arm.mod.o
                0x000006f0                arch_init
 .text.arch_idle
                0x00000724        0x4 ./build-lm3s6965evb-test/arch/arm.mod.o
                0x00000724                arch_idle
 .text.arm_cm_irq_entry
                0x00000728       0x14 ./build-lm3s6965evb-test/arch/arm.mod.o
                0x00000728                arm_cm_irq_entry
 .text.arm_cm_irq_exit
                0x0000073c       0x18 ./build-lm3s6965evb-test/arch/arm.mod.o
                0x0000073c                arm_cm_irq_exit
 .text.arch_chain_load
                0x00000754       0x1e ./build-lm3s6965evb-test/arch/arm.mod.o
                0x00000754                arch_chain_load
 *fill*         0x00000772        0x2 
 .text.dump_frame
                0x00000774       0x64 ./build-lm3s6965evb-test/arch/arm.mod.o
 .text.hardfault
                0x000007d8       0x30 ./build-lm3s6965evb-test/arch/arm.mod.o
 .text.memmanage
                0x00000808       0x7c ./build-lm3s6965evb-test/arch/arm.mod.o
 .text.busfault
                0x00000884       0x1c ./build-lm3s6965evb-test/arch/arm.mod.o
 .text.usagefault
                0x000008a0       0x88 ./build-lm3s6965evb-test/arch/arm.mod.o
 .text._nmi     0x00000928       0x14 ./build-lm3s6965evb-test/arch/arm.mod.o
                0x00000928                _nmi
 .text._hardfault
                0x0000093c        0xa ./build-lm3s6965evb-test/arch/arm.mod.o
                0x0000093c                _hardfault
 .text._memmanage
                0x00000946        0xa ./build-lm3s6965evb-test/arch/arm.mod.o
                0x00000946                _memmanage
 .text._busfault
                0x00000950        0xa ./build-lm3s6965evb-test/arch/arm.mod.o
                0x00000950                _busfault
 .text._usagefault
                0x0000095a        0xa ./build-lm3s6965evb-test/arch/arm.mod.o
                0x0000095a                _usagefault
 .text._debugmonitor
                0x00000964       0x14 ./build-lm3s6965evb-test/arch/arm.mod.o
                0x00000964                _debugmonitor
 .text._start   0x00000978       0x4c ./build-lm3s6965evb-test/arch/arm.mod.o
                0x00000978                _start
 .text._half_save_and_svc
                0x000009c4       0x16 ./build-lm3s6965evb-test/arch/arm.mod.o
 .text._arch_non_preempt_context_switch
                0x000009da       0x16 ./build-lm3s6965evb-test/arch/arm.mod.o
 .text.initial_thread_func
                0x000009f0       0x20 ./build-lm3s6965evb-test/arch/arm.mod.o
 .text._thread_mode_bounce
                0x00000a10        0x6 ./build-lm3s6965evb-test/arch/arm.mod.o
 *fill*         0x00000a16        0x2 
 .text.pendsv   0x00000a18       0x18 ./build-lm3s6965evb-test/arch/arm.mod.o
 .text.arch_thread_initialize
                0x00000a30       0x20 ./build-lm3s6965evb-test/arch/arm.mod.o
                0x00000a30                arch_thread_initialize
 .text._pendsv  0x00000a50        0xe ./build-lm3s6965evb-test/arch/arm.mod.o
                0x00000a50                _pendsv
 .text._svc     0x00000a5e        0x6 ./build-lm3s6965evb-test/arch/arm.mod.o
                0x00000a5e                _svc
 .text.arch_context_switch
                0x00000a64       0x80 ./build-lm3s6965evb-test/arch/arm.mod.o
                0x00000a64                arch_context_switch
 .text.arch_dump_thread
                0x00000ae4       0x34 ./build-lm3s6965evb-test/arch/arm.mod.o
                0x00000ae4                arch_dump_thread
 .text.lk_init_level
                0x00000b18       0xb0 ./build-lm3s6965evb-test/top.mod.o
                0x00000b18                lk_init_level
 .text.lk_primary_cpu_init_level
                0x00000bc8        0xc ./build-lm3s6965evb-test/top.mod.o
 .text.bootstrap2
                0x00000bd4       0x84 ./build-lm3s6965evb-test/top.mod.o
 .text.lk_main  0x00000c58       0xf0 ./build-lm3s6965evb-test/top.mod.o
                0x00000c58                lk_main
 .text.app_thread_entry
                0x00000d48        0xc ./build-lm3s6965evb-test/app.mod.o
 .text.apps_init
                0x00000d54       0x80 ./build-lm3s6965evb-test/app.mod.o
                0x00000d54                apps_init
 .text.shell_entry
                0x00000dd4        0x4 ./build-lm3s6965evb-test/app/shell.mod.o
 .text.shell_init
                0x00000dd8        0x4 ./build-lm3s6965evb-test/app/shell.mod.o
 .text.c_memset
                0x00000ddc       0x50 ./build-lm3s6965evb-test/app/stringtests.mod.o
 .text.null_memcpy
                0x00000e2c        0x2 ./build-lm3s6965evb-test/app/stringtests.mod.o
 .text.mymemcpy
                0x00000e2e        0x4 ./build-lm3s6965evb-test/app/stringtests.mod.o
 .text.mymemset
                0x00000e32        0x4 ./build-lm3s6965evb-test/app/stringtests.mod.o
 *fill*         0x00000e36        0x2 
 .text.bench_memcpy_routine
                0x00000e38       0x3c ./build-lm3s6965evb-test/app/stringtests.mod.o
 .text.c_memmove
                0x00000e74       0xfc ./build-lm3s6965evb-test/app/stringtests.mod.o
 .text.bench_memset_routine.constprop.1
                0x00000f70       0x2c ./build-lm3s6965evb-test/app/stringtests.mod.o
 .text.fillbuf.constprop.2
                0x00000f9c       0x18 ./build-lm3s6965evb-test/app/stringtests.mod.o
 .text.string_tests
                0x00000fb4      0x43c ./build-lm3s6965evb-test/app/stringtests.mod.o
 .text.arm_bench_multi_issue
                0x000013f0       0x6c ./build-lm3s6965evb-test/app/tests.mod.o
 .text.bench_set_overhead
                0x0000145c       0x48 ./build-lm3s6965evb-test/app/tests.mod.o
 .text.bench_cset_uint8_t
                0x000014a4       0x84 ./build-lm3s6965evb-test/app/tests.mod.o
 .text.bench_cset_uint16_t
                0x00001528       0x84 ./build-lm3s6965evb-test/app/tests.mod.o
 .text.bench_cset_uint32_t
                0x000015ac       0x84 ./build-lm3s6965evb-test/app/tests.mod.o
 .text.bench_cset_uint64_t
                0x00001630       0x88 ./build-lm3s6965evb-test/app/tests.mod.o
 .text.bench_cset_wide
                0x000016b8       0x94 ./build-lm3s6965evb-test/app/tests.mod.o
 .text.arm_bench_cset_stm
                0x0000174c       0x80 ./build-lm3s6965evb-test/app/tests.mod.o
 .text.bench_memset
                0x000017cc       0x80 ./build-lm3s6965evb-test/app/tests.mod.o
 .text.bench_memcpy
                0x0000184c       0x80 ./build-lm3s6965evb-test/app/tests.mod.o
 *fill*         0x000018cc        0x4 
 .text.bench_sincos
                0x000018d0       0xc8 ./build-lm3s6965evb-test/app/tests.mod.o
 .text.benchmarks
                0x00001998       0x32 ./build-lm3s6965evb-test/app/tests.mod.o
                0x00001998                benchmarks
 *fill*         0x000019ca        0x2 
 .text.cbuf_tests
                0x000019cc      0x310 ./build-lm3s6965evb-test/app/tests.mod.o
                0x000019cc                cbuf_tests
 *fill*         0x00001cdc        0x4 
 .text.clock_tests
                0x00001ce0      0x1b0 ./build-lm3s6965evb-test/app/tests.mod.o
                0x00001ce0                clock_tests
 .text.fibo_thread
                0x00001e90       0xb8 ./build-lm3s6965evb-test/app/tests.mod.o
 .text.fibo     0x00001f48       0x70 ./build-lm3s6965evb-test/app/tests.mod.o
                0x00001f48                fibo
 .text.mem_test_fail
                0x00001fb8       0x24 ./build-lm3s6965evb-test/app/tests.mod.o
 .text.do_pattern_test
                0x00001fdc       0x4c ./build-lm3s6965evb-test/app/tests.mod.o
 .text.do_moving_inversion_test
                0x00002028       0x8c ./build-lm3s6965evb-test/app/tests.mod.o
 .text.do_mem_tests
                0x000020b4      0x108 ./build-lm3s6965evb-test/app/tests.mod.o
 .text.mem_test
                0x000021bc       0x7c ./build-lm3s6965evb-test/app/tests.mod.o
 .text.printf_tests
                0x00002238      0x458 ./build-lm3s6965evb-test/app/tests.mod.o
                0x00002238                printf_tests
 .text.printf_tests_float
                0x00002690       0x4c ./build-lm3s6965evb-test/app/tests.mod.o
                0x00002690                printf_tests_float
 .text.tests_init
                0x000026dc        0x2 ./build-lm3s6965evb-test/app/tests.mod.o
 .text.atomic_add
                0x000026de       0x14 ./build-lm3s6965evb-test/app/tests.mod.o
 .text.spinner_thread
                0x000026f2        0x2 ./build-lm3s6965evb-test/app/tests.mod.o
 .text.atomic_tester
                0x000026f4       0x58 ./build-lm3s6965evb-test/app/tests.mod.o
 .text.join_tester
                0x0000274c       0x28 ./build-lm3s6965evb-test/app/tests.mod.o
 .text.mutex_zerotimeout_thread
                0x00002774       0x3c ./build-lm3s6965evb-test/app/tests.mod.o
 .text.mutex_timeout_thread
                0x000027b0       0x40 ./build-lm3s6965evb-test/app/tests.mod.o
 .text.mutex_acquire
                0x000027f0        0x8 ./build-lm3s6965evb-test/app/tests.mod.o
 .text.event_wait
                0x000027f8        0x8 ./build-lm3s6965evb-test/app/tests.mod.o
 .text.event_signaler
                0x00002800       0x3c ./build-lm3s6965evb-test/app/tests.mod.o
 .text.context_switch_tester
                0x0000283c       0x5c ./build-lm3s6965evb-test/app/tests.mod.o
 .text.semaphore_producer
                0x00002898       0x30 ./build-lm3s6965evb-test/app/tests.mod.o
 .text.semaphore_consumer
                0x000028c8       0x7c ./build-lm3s6965evb-test/app/tests.mod.o
 .text.preempt_tester
                0x00002944       0x30 ./build-lm3s6965evb-test/app/tests.mod.o
 .text.join_tester_server
                0x00002974      0x178 ./build-lm3s6965evb-test/app/tests.mod.o
 .text.mutex_thread
                0x00002aec       0x60 ./build-lm3s6965evb-test/app/tests.mod.o
 .text.event_waiter
                0x00002b4c       0x5c ./build-lm3s6965evb-test/app/tests.mod.o
 .text.arch_interrupt_save.constprop.5
                0x00002ba8       0x14 ./build-lm3s6965evb-test/app/tests.mod.o
 .text.mutex_test
                0x00002bbc      0x118 ./build-lm3s6965evb-test/app/tests.mod.o
                0x00002bbc                mutex_test
 .text.event_test
                0x00002cd4      0x17c ./build-lm3s6965evb-test/app/tests.mod.o
                0x00002cd4                event_test
 .text.context_switch_test
                0x00002e50      0x134 ./build-lm3s6965evb-test/app/tests.mod.o
                0x00002e50                context_switch_test
 .text.thread_tests
                0x00002f84      0x3a0 ./build-lm3s6965evb-test/app/tests.mod.o
                0x00002f84                thread_tests
 .text.spinner  0x00003324       0x70 ./build-lm3s6965evb-test/app/tests.mod.o
                0x00003324                spinner
 .text.make_port_pair
                0x00003394       0x22 ./build-lm3s6965evb-test/app/tests.mod.o
 *fill*         0x000033b6        0x2 
 .text.ping_pong_thread
                0x000033b8       0xc8 ./build-lm3s6965evb-test/app/tests.mod.o
 .text.group_watcher_thread
                0x00003480      0x110 ./build-lm3s6965evb-test/app/tests.mod.o
 .text.two_threads_basic
                0x00003590      0x214 ./build-lm3s6965evb-test/app/tests.mod.o
                0x00003590                two_threads_basic
 .text.send_watcher_cmd
                0x000037a4       0x16 ./build-lm3s6965evb-test/app/tests.mod.o
                0x000037a4                send_watcher_cmd
 *fill*         0x000037ba        0x2 
 .text.group_basic
                0x000037bc      0x170 ./build-lm3s6965evb-test/app/tests.mod.o
                0x000037bc                group_basic
 .text.group_dynamic
                0x0000392c      0x120 ./build-lm3s6965evb-test/app/tests.mod.o
                0x0000392c                group_dynamic
 .text.port_tests
                0x00003a4c      0x334 ./build-lm3s6965evb-test/app/tests.mod.o
                0x00003a4c                port_tests
 .text.platform_set_periodic_timer
                0x00003d80       0x84 ./build-lm3s6965evb-test/arch/arm/arm-m/systick.mod.o
                0x00003d80                platform_set_periodic_timer
 .text.current_time
                0x00003e04       0x50 ./build-lm3s6965evb-test/arch/arm/arm-m/systick.mod.o
                0x00003e04                current_time
 .text._systick
                0x00003e54       0x48 ./build-lm3s6965evb-test/arch/arm/arm-m/systick.mod.o
                0x00003e54                _systick
 .text.current_time_hires
                0x00003e9c       0x5c ./build-lm3s6965evb-test/arch/arm/arm-m/systick.mod.o
                0x00003e9c                current_time_hires
 .text.arm_cm_systick_init
                0x00003ef8       0x1c ./build-lm3s6965evb-test/arch/arm/arm-m/systick.mod.o
                0x00003ef8                arm_cm_systick_init
 .text.usb_do_callbacks
                0x00003f14       0x28 ./build-lm3s6965evb-test/dev/usb.mod.o
 .text.usb_init
                0x00003f3c       0x10 ./build-lm3s6965evb-test/dev/usb.mod.o
 .text.usbc_callback
                0x00003f4c      0x164 ./build-lm3s6965evb-test/dev/usb.mod.o
                0x00003f4c                usbc_callback
 .text.cmd_threadstats
                0x000040b0       0x94 ./build-lm3s6965evb-test/kernel.mod.o
 .text.cmd_threads
                0x00004144       0x14 ./build-lm3s6965evb-test/kernel.mod.o
 .text.threadload
                0x00004158       0xe4 ./build-lm3s6965evb-test/kernel.mod.o
 .text.cmd_threadload
                0x0000423c       0x38 ./build-lm3s6965evb-test/kernel.mod.o
 .text.arch_interrupt_restore.constprop.0
                0x00004274       0x20 ./build-lm3s6965evb-test/kernel.mod.o
 .text.arch_interrupt_save.constprop.1
                0x00004294       0x50 ./build-lm3s6965evb-test/kernel.mod.o
 .text.event_init
                0x000042e4       0x24 ./build-lm3s6965evb-test/kernel.mod.o
                0x000042e4                event_init
 .text.event_destroy
                0x00004308       0x58 ./build-lm3s6965evb-test/kernel.mod.o
                0x00004308                event_destroy
 .text.event_wait_timeout
                0x00004360       0x74 ./build-lm3s6965evb-test/kernel.mod.o
                0x00004360                event_wait_timeout
 .text.event_signal
                0x000043d4       0x78 ./build-lm3s6965evb-test/kernel.mod.o
                0x000043d4                event_signal
 .text.event_unsignal
                0x0000444c       0x38 ./build-lm3s6965evb-test/kernel.mod.o
                0x0000444c                event_unsignal
 .text.kernel_init
                0x00004484       0x3c ./build-lm3s6965evb-test/kernel.mod.o
                0x00004484                kernel_init
 .text.mutex_init
                0x000044c0       0x24 ./build-lm3s6965evb-test/kernel.mod.o
                0x000044c0                mutex_init
 .text.mutex_destroy
                0x000044e4       0x80 ./build-lm3s6965evb-test/kernel.mod.o
                0x000044e4                mutex_destroy
 .text.mutex_acquire_timeout
                0x00004564       0xa0 ./build-lm3s6965evb-test/kernel.mod.o
                0x00004564                mutex_acquire_timeout
 .text.mutex_release
                0x00004604       0x98 ./build-lm3s6965evb-test/kernel.mod.o
                0x00004604                mutex_release
 .text.list_delete
                0x0000469c       0x24 ./build-lm3s6965evb-test/kernel.mod.o
 .text.arch_ints_disabled
                0x000046c0        0xa ./build-lm3s6965evb-test/kernel.mod.o
 *fill*         0x000046ca        0x2 
 .text.init_thread_struct
                0x000046cc       0x28 ./build-lm3s6965evb-test/kernel.mod.o
 .text.thread_resched
                0x000046f4      0x190 ./build-lm3s6965evb-test/kernel.mod.o
 .text.arch_interrupt_restore.constprop.11
                0x00004884        0x8 ./build-lm3s6965evb-test/kernel.mod.o
 .text.arch_interrupt_save.constprop.12
                0x0000488c       0x16 ./build-lm3s6965evb-test/kernel.mod.o
 *fill*         0x000048a2        0x2 
 .text.insert_in_run_queue_tail
                0x000048a4       0xcc ./build-lm3s6965evb-test/kernel.mod.o
 .text.insert_in_run_queue_head
                0x00004970       0xc4 ./build-lm3s6965evb-test/kernel.mod.o
 .text.thread_sleep_handler
                0x00004a34       0x70 ./build-lm3s6965evb-test/kernel.mod.o
 .text.thread_create_etc
                0x00004aa4       0xd8 ./build-lm3s6965evb-test/kernel.mod.o
                0x00004aa4                thread_create_etc
 .text.thread_create
                0x00004b7c       0x22 ./build-lm3s6965evb-test/kernel.mod.o
                0x00004b7c                thread_create
 *fill*         0x00004b9e        0x2 
 .text.thread_set_real_time
                0x00004ba0       0x58 ./build-lm3s6965evb-test/kernel.mod.o
                0x00004ba0                thread_set_real_time
 .text.thread_yield
                0x00004bf8       0x94 ./build-lm3s6965evb-test/kernel.mod.o
                0x00004bf8                thread_yield
 .text.thread_resume
                0x00004c8c       0x8c ./build-lm3s6965evb-test/kernel.mod.o
                0x00004c8c                thread_resume
 .text.thread_preempt
                0x00004d18       0xa0 ./build-lm3s6965evb-test/kernel.mod.o
                0x00004d18                thread_preempt
 .text.thread_timer_tick
                0x00004db8       0x24 ./build-lm3s6965evb-test/kernel.mod.o
                0x00004db8                thread_timer_tick
 .text.thread_sleep
                0x00004ddc       0xa8 ./build-lm3s6965evb-test/kernel.mod.o
                0x00004ddc                thread_sleep
 .text.thread_init_early
                0x00004e84       0x6c ./build-lm3s6965evb-test/kernel.mod.o
                0x00004e84                thread_init_early
 .text.thread_init
                0x00004ef0        0x2 ./build-lm3s6965evb-test/kernel.mod.o
                0x00004ef0                thread_init
 *fill*         0x00004ef2        0x2 
 .text.thread_set_name
                0x00004ef4       0x14 ./build-lm3s6965evb-test/kernel.mod.o
                0x00004ef4                thread_set_name
 .text.thread_become_idle
                0x00004f08       0x54 ./build-lm3s6965evb-test/kernel.mod.o
                0x00004f08                thread_become_idle
 .text.dump_thread
                0x00004f5c       0x80 ./build-lm3s6965evb-test/kernel.mod.o
                0x00004f5c                dump_thread
 .text.dump_all_threads
                0x00004fdc       0x64 ./build-lm3s6965evb-test/kernel.mod.o
                0x00004fdc                dump_all_threads
 .text.wait_queue_init
                0x00005040       0x14 ./build-lm3s6965evb-test/kernel.mod.o
                0x00005040                wait_queue_init
 .text.wait_queue_block
                0x00005054       0xec ./build-lm3s6965evb-test/kernel.mod.o
                0x00005054                wait_queue_block
 .text.thread_join
                0x00005140      0x128 ./build-lm3s6965evb-test/kernel.mod.o
                0x00005140                thread_join
 .text.wait_queue_wake_one
                0x00005268       0xe0 ./build-lm3s6965evb-test/kernel.mod.o
                0x00005268                wait_queue_wake_one
 .text.wait_queue_wake_all
                0x00005348      0x108 ./build-lm3s6965evb-test/kernel.mod.o
                0x00005348                wait_queue_wake_all
 .text.thread_detach
                0x00005450       0x84 ./build-lm3s6965evb-test/kernel.mod.o
                0x00005450                thread_detach
 .text.thread_detach_and_resume
                0x000054d4       0x18 ./build-lm3s6965evb-test/kernel.mod.o
                0x000054d4                thread_detach_and_resume
 .text.thread_exit
                0x000054ec       0xd4 ./build-lm3s6965evb-test/kernel.mod.o
                0x000054ec                thread_exit
 .text.wait_queue_destroy
                0x000055c0       0x80 ./build-lm3s6965evb-test/kernel.mod.o
                0x000055c0                wait_queue_destroy
 .text.thread_unblock_from_wait_queue
                0x00005640       0xf0 ./build-lm3s6965evb-test/kernel.mod.o
                0x00005640                thread_unblock_from_wait_queue
 .text.wait_queue_timeout_handler
                0x00005730       0x50 ./build-lm3s6965evb-test/kernel.mod.o
 .text.insert_timer_in_queue.constprop.3
                0x00005780       0x68 ./build-lm3s6965evb-test/kernel.mod.o
 .text.timer_tick
                0x000057e8       0xf0 ./build-lm3s6965evb-test/kernel.mod.o
 .text.arch_interrupt_save.constprop.5
                0x000058d8       0x14 ./build-lm3s6965evb-test/kernel.mod.o
 .text.timer_set
                0x000058ec       0x80 ./build-lm3s6965evb-test/kernel.mod.o
 .text.timer_initialize
                0x0000596c       0x18 ./build-lm3s6965evb-test/kernel.mod.o
                0x0000596c                timer_initialize
 .text.timer_set_oneshot
                0x00005984       0x18 ./build-lm3s6965evb-test/kernel.mod.o
                0x00005984                timer_set_oneshot
 .text.timer_set_periodic
                0x0000599c       0x18 ./build-lm3s6965evb-test/kernel.mod.o
                0x0000599c                timer_set_periodic
 .text.timer_cancel
                0x000059b4       0x6c ./build-lm3s6965evb-test/kernel.mod.o
                0x000059b4                timer_cancel
 .text.timer_init
                0x00005a20       0x20 ./build-lm3s6965evb-test/kernel.mod.o
                0x00005a20                timer_init
 .text.sem_init
                0x00005a40       0x20 ./build-lm3s6965evb-test/kernel.mod.o
                0x00005a40                sem_init
 .text.sem_destroy
                0x00005a60       0x2c ./build-lm3s6965evb-test/kernel.mod.o
                0x00005a60                sem_destroy
 .text.sem_post
                0x00005a8c       0x44 ./build-lm3s6965evb-test/kernel.mod.o
                0x00005a8c                sem_post
 .text.sem_wait
                0x00005ad0       0x44 ./build-lm3s6965evb-test/kernel.mod.o
                0x00005ad0                sem_wait
 .text.buf_write
                0x00005b14       0x46 ./build-lm3s6965evb-test/kernel.mod.o
 .text.make_buf
                0x00005b5a       0x28 ./build-lm3s6965evb-test/kernel.mod.o
 .text.read_no_lock
                0x00005b82       0x64 ./build-lm3s6965evb-test/kernel.mod.o
 *fill*         0x00005be6        0x2 
 .text.port_init
                0x00005be8        0xc ./build-lm3s6965evb-test/kernel.mod.o
                0x00005be8                port_init
 .text.port_create
                0x00005bf4       0xfc ./build-lm3s6965evb-test/kernel.mod.o
                0x00005bf4                port_create
 .text.port_open
                0x00005cf0      0x100 ./build-lm3s6965evb-test/kernel.mod.o
                0x00005cf0                port_open
 .text.port_group
                0x00005df0       0xd8 ./build-lm3s6965evb-test/kernel.mod.o
                0x00005df0                port_group
 .text.port_group_add
                0x00005ec8       0xa4 ./build-lm3s6965evb-test/kernel.mod.o
                0x00005ec8                port_group_add
 .text.port_group_remove
                0x00005f6c       0x80 ./build-lm3s6965evb-test/kernel.mod.o
                0x00005f6c                port_group_remove
 .text.port_write
                0x00005fec       0xc4 ./build-lm3s6965evb-test/kernel.mod.o
                0x00005fec                port_write
 .text.port_read
                0x000060b0       0x9c ./build-lm3s6965evb-test/kernel.mod.o
                0x000060b0                port_read
 .text.port_destroy
                0x0000614c       0x98 ./build-lm3s6965evb-test/kernel.mod.o
                0x0000614c                port_destroy
 .text.port_close
                0x000061e4       0xdc ./build-lm3s6965evb-test/kernel.mod.o
                0x000061e4                port_close
 .text.AES_set_encrypt_key
                0x000062c0      0x2b8 ./build-lm3s6965evb-test/external/lib/aes.mod.o
                0x000062c0                AES_set_encrypt_key
 .text.AES_encrypt
                0x00006578      0x39c ./build-lm3s6965evb-test/external/lib/aes.mod.o
                0x00006578                AES_encrypt
 .text.aes_bench
                0x00006914       0x78 ./build-lm3s6965evb-test/external/lib/aes/test.mod.o
 .text.aes_command
                0x0000698c       0xdc ./build-lm3s6965evb-test/external/lib/aes/test.mod.o
 .text.arch_interrupt_restore.constprop.1
                0x00006a68        0x8 ./build-lm3s6965evb-test/lib/cbuf.mod.o
 .text.arch_interrupt_save.constprop.2
                0x00006a70       0x14 ./build-lm3s6965evb-test/lib/cbuf.mod.o
 .text.cbuf_initialize_etc
                0x00006a84       0x70 ./build-lm3s6965evb-test/lib/cbuf.mod.o
                0x00006a84                cbuf_initialize_etc
 .text.cbuf_initialize
                0x00006af4       0x1a ./build-lm3s6965evb-test/lib/cbuf.mod.o
                0x00006af4                cbuf_initialize
 .text.cbuf_space_avail
                0x00006b0e       0x16 ./build-lm3s6965evb-test/lib/cbuf.mod.o
                0x00006b0e                cbuf_space_avail
 .text.cbuf_write
                0x00006b24       0xfc ./build-lm3s6965evb-test/lib/cbuf.mod.o
                0x00006b24                cbuf_write
 .text.cbuf_read
                0x00006c20       0xe8 ./build-lm3s6965evb-test/lib/cbuf.mod.o
                0x00006c20                cbuf_read
 .text.cbuf_write_char
                0x00006d08       0x74 ./build-lm3s6965evb-test/lib/cbuf.mod.o
                0x00006d08                cbuf_write_char
 .text.cbuf_read_char
                0x00006d7c       0x9c ./build-lm3s6965evb-test/lib/cbuf.mod.o
                0x00006d7c                cbuf_read_char
 .text.adler32  0x00006e18      0x200 ./build-lm3s6965evb-test/external/lib/cksum.mod.o
                0x00006e18                adler32
 .text.update_crc16
                0x00007018       0x28 ./build-lm3s6965evb-test/external/lib/cksum.mod.o
                0x00007018                update_crc16
 .text.crc16    0x00007040        0xe ./build-lm3s6965evb-test/external/lib/cksum.mod.o
                0x00007040                crc16
 *fill*         0x0000704e        0x2 
 .text.crc32    0x00007050       0xc8 ./build-lm3s6965evb-test/external/lib/cksum.mod.o
                0x00007050                crc32
 .text.cmd_cksum_bench
                0x00007118       0xf0 ./build-lm3s6965evb-test/external/lib/cksum.mod.o
 .text.cmd_crc32
                0x00007208       0x40 ./build-lm3s6965evb-test/external/lib/cksum.mod.o
 .text.cmd_adler32
                0x00007248       0x40 ./build-lm3s6965evb-test/external/lib/cksum.mod.o
 .text.cmd_crc16
                0x00007288       0x3c ./build-lm3s6965evb-test/external/lib/cksum.mod.o
 .text.cmd_sleep
                0x000072c4       0x2c ./build-lm3s6965evb-test/lib/debugcommands.mod.o
 .text.cmd_fill_mem
                0x000072f0       0x88 ./build-lm3s6965evb-test/lib/debugcommands.mod.o
 .text.cmd_display_mem
                0x00007378      0x158 ./build-lm3s6965evb-test/lib/debugcommands.mod.o
 .text.cmd_stackstomp
                0x000074d0       0x3c ./build-lm3s6965evb-test/lib/debugcommands.mod.o
 .text.cmd_crash
                0x0000750c       0x14 ./build-lm3s6965evb-test/lib/debugcommands.mod.o
 .text.cmd_memtest
                0x00007520       0x80 ./build-lm3s6965evb-test/lib/debugcommands.mod.o
 .text.cmd_modify_mem
                0x000075a0       0x7c ./build-lm3s6965evb-test/lib/debugcommands.mod.o
 .text.cmd_chain
                0x0000761c       0x34 ./build-lm3s6965evb-test/lib/debugcommands.mod.o
 .text.cmd_copy_mem
                0x00007650       0x34 ./build-lm3s6965evb-test/lib/debugcommands.mod.o
 *fill*         0x00007684        0x4 
 .text.__kernel_sin
                0x00007688      0x180 ./build-lm3s6965evb-test/external/lib/libm.mod.o
                0x00007688                __kernel_sin
 .text.sin      0x00007808      0x5a0 ./build-lm3s6965evb-test/external/lib/libm.mod.o
                0x00007808                sin
 .text.__kernel_cosdf
                0x00007da8      0x190 ./build-lm3s6965evb-test/external/lib/libm.mod.o
 .text.__kernel_sindf
                0x00007f38      0x190 ./build-lm3s6965evb-test/external/lib/libm.mod.o
 .text.sinf     0x000080c8      0x230 ./build-lm3s6965evb-test/external/lib/libm.mod.o
                0x000080c8                sinf
 .text.__kernel_cos
                0x000082f8      0x170 ./build-lm3s6965evb-test/external/lib/libm.mod.o
                0x000082f8                __kernel_cos
 .text.cos      0x00008468      0x598 ./build-lm3s6965evb-test/external/lib/libm.mod.o
                0x00008468                cos
 .text.cosf     0x00008a00      0x230 ./build-lm3s6965evb-test/external/lib/libm.mod.o
                0x00008a00                cosf
 .text.sqrt     0x00008c30      0x164 ./build-lm3s6965evb-test/external/lib/libm.mod.o
                0x00008c30                sqrt
 .text.sqrtf    0x00008d94       0x94 ./build-lm3s6965evb-test/external/lib/libm.mod.o
                0x00008d94                sqrtf
 .text.__kernel_rem_pio2
                0x00008e28      0x694 ./build-lm3s6965evb-test/external/lib/libm.mod.o
                0x00008e28                __kernel_rem_pio2
 *fill*         0x000094bc        0x4 
 .text.floor    0x000094c0      0x110 ./build-lm3s6965evb-test/external/lib/libm.mod.o
                0x000094c0                floor
 .text.scalbn   0x000095d0      0x108 ./build-lm3s6965evb-test/external/lib/libm.mod.o
                0x000095d0                scalbn
 .text.print_version
                0x000096d8       0x60 ./build-lm3s6965evb-test/lib/version.mod.o
                0x000096d8                print_version
 .text.cmd_version
                0x00009738        0xa ./build-lm3s6965evb-test/lib/version.mod.o
 *fill*         0x00009742        0x2 
 .text.platform_halt
                0x00009744       0x10 ./build-lm3s6965evb-test/platform.mod.o
                0x00009744                platform_halt
 .text.cmd_poweroff
                0x00009754        0xa ./build-lm3s6965evb-test/platform.mod.o
 .text.cmd_reboot
                0x0000975e        0xa ./build-lm3s6965evb-test/platform.mod.o
 .text.GPIOBaseValid
                0x00009768       0x54 ./build-lm3s6965evb-test/external/platform/stellaris/ti-driverlib.mod.o
 .text.GPIODirModeSet
                0x000097bc       0x74 ./build-lm3s6965evb-test/external/platform/stellaris/ti-driverlib.mod.o
                0x000097bc                GPIODirModeSet
 .text.GPIOPadConfigSet
                0x00009830      0x130 ./build-lm3s6965evb-test/external/platform/stellaris/ti-driverlib.mod.o
                0x00009830                GPIOPadConfigSet
 .text.GPIOPinTypeUSBAnalog
                0x00009960       0x48 ./build-lm3s6965evb-test/external/platform/stellaris/ti-driverlib.mod.o
                0x00009960                GPIOPinTypeUSBAnalog
 .text.SysCtlPeripheralValid
                0x000099a8      0x154 ./build-lm3s6965evb-test/external/platform/stellaris/ti-driverlib.mod.o
 .text.SysCtlPeripheralReset
                0x00009afc       0xa4 ./build-lm3s6965evb-test/external/platform/stellaris/ti-driverlib.mod.o
                0x00009afc                SysCtlPeripheralReset
 .text.SysCtlPeripheralEnable
                0x00009ba0       0x78 ./build-lm3s6965evb-test/external/platform/stellaris/ti-driverlib.mod.o
                0x00009ba0                SysCtlPeripheralEnable
 .text.SysCtlDelay
                0x00009c18        0x8 ./build-lm3s6965evb-test/external/platform/stellaris/ti-driverlib.mod.o
                0x00009c18                SysCtlDelay
 .text.SysCtlClockSet
                0x00009c20      0x158 ./build-lm3s6965evb-test/external/platform/stellaris/ti-driverlib.mod.o
                0x00009c20                SysCtlClockSet
 .text.SysCtlClockGet
                0x00009d78      0x1ec ./build-lm3s6965evb-test/external/platform/stellaris/ti-driverlib.mod.o
                0x00009d78                SysCtlClockGet
 .text.SysCtlUSBPLLEnable
                0x00009f64       0x10 ./build-lm3s6965evb-test/external/platform/stellaris/ti-driverlib.mod.o
                0x00009f64                SysCtlUSBPLLEnable
 .text.UARTBaseValid
                0x00009f74       0x20 ./build-lm3s6965evb-test/external/platform/stellaris/ti-driverlib.mod.o
 .text.UARTEnable
                0x00009f94       0x44 ./build-lm3s6965evb-test/external/platform/stellaris/ti-driverlib.mod.o
                0x00009f94                UARTEnable
 .text.UARTDisable
                0x00009fd8       0x48 ./build-lm3s6965evb-test/external/platform/stellaris/ti-driverlib.mod.o
                0x00009fd8                UARTDisable
 .text.UARTConfigSetExpClk
                0x0000a020       0xfc ./build-lm3s6965evb-test/external/platform/stellaris/ti-driverlib.mod.o
                0x0000a020                UARTConfigSetExpClk
 .text.UARTCharsAvail
                0x0000a11c       0x38 ./build-lm3s6965evb-test/external/platform/stellaris/ti-driverlib.mod.o
                0x0000a11c                UARTCharsAvail
 .text.UARTCharGetNonBlocking
                0x0000a154       0x3c ./build-lm3s6965evb-test/external/platform/stellaris/ti-driverlib.mod.o
                0x0000a154                UARTCharGetNonBlocking
 .text.UARTCharPut
                0x0000a190       0x38 ./build-lm3s6965evb-test/external/platform/stellaris/ti-driverlib.mod.o
                0x0000a190                UARTCharPut
 .text.UARTIntEnable
                0x0000a1c8       0x38 ./build-lm3s6965evb-test/external/platform/stellaris/ti-driverlib.mod.o
                0x0000a1c8                UARTIntEnable
 .text.UARTIntStatus
                0x0000a200       0x38 ./build-lm3s6965evb-test/external/platform/stellaris/ti-driverlib.mod.o
                0x0000a200                UARTIntStatus
 .text.UARTIntClear
                0x0000a238       0x34 ./build-lm3s6965evb-test/external/platform/stellaris/ti-driverlib.mod.o
                0x0000a238                UARTIntClear
 .text.USBIntDisableControl
                0x0000a26c       0x80 ./build-lm3s6965evb-test/external/platform/stellaris/ti-driverlib.mod.o
                0x0000a26c                USBIntDisableControl
 .text.USBIntStatusControl
                0x0000a2ec       0x6c ./build-lm3s6965evb-test/external/platform/stellaris/ti-driverlib.mod.o
                0x0000a2ec                USBIntStatusControl
 .text.USBIntStatusEndpoint
                0x0000a358       0x48 ./build-lm3s6965evb-test/external/platform/stellaris/ti-driverlib.mod.o
                0x0000a358                USBIntStatusEndpoint
 .text.USBEndpointStatus
                0x0000a3a0       0x6c ./build-lm3s6965evb-test/external/platform/stellaris/ti-driverlib.mod.o
                0x0000a3a0                USBEndpointStatus
 .text.USBDevEndpointStall
                0x0000a40c       0xc0 ./build-lm3s6965evb-test/external/platform/stellaris/ti-driverlib.mod.o
                0x0000a40c                USBDevEndpointStall
 .text.USBDevEndpointStallClear
                0x0000a4cc       0xb0 ./build-lm3s6965evb-test/external/platform/stellaris/ti-driverlib.mod.o
                0x0000a4cc                USBDevEndpointStallClear
 .text.USBDevAddrSet
                0x0000a57c       0x38 ./build-lm3s6965evb-test/external/platform/stellaris/ti-driverlib.mod.o
                0x0000a57c                USBDevAddrSet
 .text.USBEndpointDataGet
                0x0000a5b4       0xc0 ./build-lm3s6965evb-test/external/platform/stellaris/ti-driverlib.mod.o
                0x0000a5b4                USBEndpointDataGet
 .text.USBDevEndpointDataAck
                0x0000a674       0x94 ./build-lm3s6965evb-test/external/platform/stellaris/ti-driverlib.mod.o
                0x0000a674                USBDevEndpointDataAck
 .text.USBEndpointDataPut
                0x0000a708       0xa4 ./build-lm3s6965evb-test/external/platform/stellaris/ti-driverlib.mod.o
                0x0000a708                USBEndpointDataPut
 .text.USBEndpointDataSend
                0x0000a7ac       0x9c ./build-lm3s6965evb-test/external/platform/stellaris/ti-driverlib.mod.o
                0x0000a7ac                USBEndpointDataSend
 .text.USBDevMode
                0x0000a848       0x3c ./build-lm3s6965evb-test/external/platform/stellaris/ti-driverlib.mod.o
                0x0000a848                USBDevMode
 .text.USBPHYPowerOn
                0x0000a884        0xa ./build-lm3s6965evb-test/external/platform/stellaris/ti-driverlib.mod.o
                0x0000a884                USBPHYPowerOn
 .text.target_early_init
                0x0000a88e        0x2 ./build-lm3s6965evb-test/target.mod.o
                0x0000a88e                target_early_init
 .text.target_init
                0x0000a890        0x2 ./build-lm3s6965evb-test/target.mod.o
                0x0000a890                target_init
 .text.novm_init_helper
                0x0000a892       0x88 ./build-lm3s6965evb-test/kernel/novm.mod.o
 *fill*         0x0000a91a        0x2 
 .text.novm_init
                0x0000a91c       0x34 ./build-lm3s6965evb-test/kernel/novm.mod.o
 .text.mutex_acquire
                0x0000a950        0x8 ./build-lm3s6965evb-test/kernel/novm.mod.o
 .text.novm_alloc_helper
                0x0000a958       0x4e ./build-lm3s6965evb-test/kernel/novm.mod.o
                0x0000a958                novm_alloc_helper
 *fill*         0x0000a9a6        0x2 
 .text.novm_alloc_pages
                0x0000a9a8       0x20 ./build-lm3s6965evb-test/kernel/novm.mod.o
                0x0000a9a8                novm_alloc_pages
 .text.novm_alloc_unaligned
                0x0000a9c8       0x28 ./build-lm3s6965evb-test/kernel/novm.mod.o
                0x0000a9c8                novm_alloc_unaligned
 .text.novm_free_pages
                0x0000a9f0       0x88 ./build-lm3s6965evb-test/kernel/novm.mod.o
                0x0000a9f0                novm_free_pages
 .text.cmd_novm
                0x0000aa78      0x1a4 ./build-lm3s6965evb-test/kernel/novm.mod.o
 .text.fetch_next_line
                0x0000ac1c       0x46 ./build-lm3s6965evb-test/lib/console.mod.o
 *fill*         0x0000ac62        0x2 
 .text.cmd_echo
                0x0000ac64       0x14 ./build-lm3s6965evb-test/lib/console.mod.o
 .text.cmd_history
                0x0000ac78       0x44 ./build-lm3s6965evb-test/lib/console.mod.o
 .text.cmd_test
                0x0000acbc       0x48 ./build-lm3s6965evb-test/lib/console.mod.o
 .text.cmd_help_impl
                0x0000ad04       0x48 ./build-lm3s6965evb-test/lib/console.mod.o
 .text.cmd_help_panic
                0x0000ad4c        0x6 ./build-lm3s6965evb-test/lib/console.mod.o
 .text.cmd_help
                0x0000ad52        0x6 ./build-lm3s6965evb-test/lib/console.mod.o
 .text.read_debug_line
                0x0000ad58      0x1bc ./build-lm3s6965evb-test/lib/console.mod.o
 .text.match_command
                0x0000af14       0x44 ./build-lm3s6965evb-test/lib/console.mod.o
 .text.convert_args
                0x0000af58       0x74 ./build-lm3s6965evb-test/lib/console.mod.o
 .text.command_loop
                0x0000afcc      0x2dc ./build-lm3s6965evb-test/lib/console.mod.o
 .text.console_run_script_etc
                0x0000b2a8       0x3c ./build-lm3s6965evb-test/lib/console.mod.o
 .text.console_start
                0x0000b2e4       0x44 ./build-lm3s6965evb-test/lib/console.mod.o
                0x0000b2e4                console_start
 .text.console_run_script_locked
                0x0000b328        0x6 ./build-lm3s6965evb-test/lib/console.mod.o
                0x0000b328                console_run_script_locked
 *fill*         0x0000b32e        0x2 
 .text.cmd_repeat
                0x0000b330       0xc0 ./build-lm3s6965evb-test/lib/console.mod.o
 .text.console_register_commands
                0x0000b3f0       0x4c ./build-lm3s6965evb-test/lib/console.mod.o
                0x0000b3f0                console_register_commands
 .text.console_init
                0x0000b43c       0x50 ./build-lm3s6965evb-test/lib/console.mod.o
                0x0000b43c                console_init
 .text.spin     0x0000b48c       0x28 ./build-lm3s6965evb-test/lib/debug.mod.o
                0x0000b48c                spin
 .text._panic   0x0000b4b4       0x28 ./build-lm3s6965evb-test/lib/debug.mod.o
                0x0000b4b4                _panic
 .text.hexdump  0x0000b4dc       0xc4 ./build-lm3s6965evb-test/lib/debug.mod.o
                0x0000b4dc                hexdump
 .text.hexdump8_ex
                0x0000b5a0       0xcc ./build-lm3s6965evb-test/lib/debug.mod.o
                0x0000b5a0                hexdump8_ex
 .text.arch_interrupt_restore.constprop.0
                0x0000b66c        0x8 ./build-lm3s6965evb-test/lib/heap.mod.o
 .text.arch_interrupt_save.constprop.1
                0x0000b674       0x14 ./build-lm3s6965evb-test/lib/heap.mod.o
 .text.unlikely.heap_free_delayed_list
                0x0000b688       0x6c ./build-lm3s6965evb-test/lib/heap.mod.o
 .text.heap_init
                0x0000b6f4       0x14 ./build-lm3s6965evb-test/lib/heap.mod.o
                0x0000b6f4                heap_init
 .text.heap_trim
                0x0000b708       0x1c ./build-lm3s6965evb-test/lib/heap.mod.o
                0x0000b708                heap_trim
 .text.malloc   0x0000b724       0x40 ./build-lm3s6965evb-test/lib/heap.mod.o
                0x0000b724                malloc
 .text.memalign
                0x0000b764       0x44 ./build-lm3s6965evb-test/lib/heap.mod.o
                0x0000b764                memalign
 .text.calloc   0x0000b7a8       0x58 ./build-lm3s6965evb-test/lib/heap.mod.o
                0x0000b7a8                calloc
 .text.realloc  0x0000b800       0x44 ./build-lm3s6965evb-test/lib/heap.mod.o
                0x0000b800                realloc
 .text.free     0x0000b844       0x28 ./build-lm3s6965evb-test/lib/heap.mod.o
                0x0000b844                free
 .text.cmd_heap
                0x0000b86c      0x2c4 ./build-lm3s6965evb-test/lib/heap.mod.o
 .text.heap_delayed_free
                0x0000bb30       0x30 ./build-lm3s6965evb-test/lib/heap.mod.o
                0x0000bb30                heap_delayed_free
 .text.cmd_page_alloc
                0x0000bb60       0x58 ./build-lm3s6965evb-test/lib/heap.mod.o
 .text.page_alloc
                0x0000bbb8        0x4 ./build-lm3s6965evb-test/lib/heap.mod.o
                0x0000bbb8                page_alloc
 .text.page_free
                0x0000bbbc        0x4 ./build-lm3s6965evb-test/lib/heap.mod.o
                0x0000bbbc                page_free
 .text.page_first_alloc
                0x0000bbc0        0x4 ./build-lm3s6965evb-test/lib/heap.mod.o
                0x0000bbc0                page_first_alloc
 .text          0x0000bbc4       0xd8 ./build-lm3s6965evb-test/lib/libc.mod.o
                0x0000bbc4                bcopy
                0x0000bbca                memcpy
                0x0000bc54                bzero
                0x0000bc58                memset
 .text.hexval   0x0000bc9c       0x2c ./build-lm3s6965evb-test/lib/libc.mod.o
 .text.atol     0x0000bcc8       0x5c ./build-lm3s6965evb-test/lib/libc.mod.o
                0x0000bcc8                atol
 .text.atoul    0x0000bd24       0x4a ./build-lm3s6965evb-test/lib/libc.mod.o
                0x0000bd24                atoul
 .text.isspace  0x0000bd6e       0x12 ./build-lm3s6965evb-test/lib/libc.mod.o
                0x0000bd6e                isspace
 .text.isxdigit
                0x0000bd80       0x1c ./build-lm3s6965evb-test/lib/libc.mod.o
                0x0000bd80                isxdigit
 .text.isprint  0x0000bd9c        0xc ./build-lm3s6965evb-test/lib/libc.mod.o
                0x0000bd9c                isprint
 .text._vsnprintf_output
                0x0000bda8       0x22 ./build-lm3s6965evb-test/lib/libc.mod.o
 .text.longlong_to_string
                0x0000bdca       0x9c ./build-lm3s6965evb-test/lib/libc.mod.o
 .text.exponent_to_string
                0x0000be66       0x4a ./build-lm3s6965evb-test/lib/libc.mod.o
 .text.double_to_hexstring.isra.0
                0x0000beb0      0x1d8 ./build-lm3s6965evb-test/lib/libc.mod.o
 .text.longlong_to_hexstring.constprop.1
                0x0000c088       0x40 ./build-lm3s6965evb-test/lib/libc.mod.o
 .text.double_to_string.constprop.2
                0x0000c0c8      0x220 ./build-lm3s6965evb-test/lib/libc.mod.o
 .text._printf_engine
                0x0000c2e8      0x47c ./build-lm3s6965evb-test/lib/libc.mod.o
                0x0000c2e8                _printf_engine
 .text.vsnprintf
                0x0000c764       0x2c ./build-lm3s6965evb-test/lib/libc.mod.o
                0x0000c764                vsnprintf
 .text.snprintf
                0x0000c790       0x1a ./build-lm3s6965evb-test/lib/libc.mod.o
                0x0000c790                snprintf
 .text.vsprintf
                0x0000c7aa       0x14 ./build-lm3s6965evb-test/lib/libc.mod.o
                0x0000c7aa                vsprintf
 .text.sprintf  0x0000c7be       0x1a ./build-lm3s6965evb-test/lib/libc.mod.o
                0x0000c7be                sprintf
 .text.rand     0x0000c7d8       0x1c ./build-lm3s6965evb-test/lib/libc.mod.o
                0x0000c7d8                rand
 .text._fprintf_output_func
                0x0000c7f4       0x14 ./build-lm3s6965evb-test/lib/libc.mod.o
 .text.fputc    0x0000c808       0x18 ./build-lm3s6965evb-test/lib/libc.mod.o
                0x0000c808                fputc
 .text.putchar  0x0000c820        0xc ./build-lm3s6965evb-test/lib/libc.mod.o
                0x0000c820                putchar
 .text.fputs    0x0000c82c       0x18 ./build-lm3s6965evb-test/lib/libc.mod.o
                0x0000c82c                fputs
 .text.getc     0x0000c844       0x1c ./build-lm3s6965evb-test/lib/libc.mod.o
                0x0000c844                getc
 .text.getchar  0x0000c860        0xc ./build-lm3s6965evb-test/lib/libc.mod.o
                0x0000c860                getchar
 .text.vfprintf
                0x0000c86c       0x1c ./build-lm3s6965evb-test/lib/libc.mod.o
                0x0000c86c                vfprintf
 .text._printf  0x0000c888       0x20 ./build-lm3s6965evb-test/lib/libc.mod.o
                0x0000c888                _printf
 .text._vprintf
                0x0000c8a8       0x10 ./build-lm3s6965evb-test/lib/libc.mod.o
                0x0000c8a8                _vprintf
 .text.memcmp   0x0000c8b8       0x1e ./build-lm3s6965evb-test/lib/libc.mod.o
                0x0000c8b8                memcmp
 .text.strcmp   0x0000c8d6       0x1a ./build-lm3s6965evb-test/lib/libc.mod.o
                0x0000c8d6                strcmp
 .text.strlcpy  0x0000c8f0       0x2e ./build-lm3s6965evb-test/lib/libc.mod.o
                0x0000c8f0                strlcpy
 .text.strlen   0x0000c91e        0xe ./build-lm3s6965evb-test/lib/libc.mod.o
                0x0000c91e                strlen
 .text.list_delete
                0x0000c92c       0x12 ./build-lm3s6965evb-test/lib/heap/miniheap.mod.o
 *fill*         0x0000c93e        0x2 
 .text.heap_create_free_chunk.isra.2
                0x0000c940       0x2c ./build-lm3s6965evb-test/lib/heap/miniheap.mod.o
 .text.mutex_acquire.constprop.5
                0x0000c96c       0x10 ./build-lm3s6965evb-test/lib/heap/miniheap.mod.o
 .text.heap_insert_free_chunk
                0x0000c97c       0xac ./build-lm3s6965evb-test/lib/heap/miniheap.mod.o
 .text.miniheap_dump
                0x0000ca28       0x5c ./build-lm3s6965evb-test/lib/heap/miniheap.mod.o
                0x0000ca28                miniheap_dump
 .text.miniheap_alloc
                0x0000ca84      0x1a0 ./build-lm3s6965evb-test/lib/heap/miniheap.mod.o
                0x0000ca84                miniheap_alloc
 .text.miniheap_free
                0x0000cc24       0x4c ./build-lm3s6965evb-test/lib/heap/miniheap.mod.o
                0x0000cc24                miniheap_free
 .text.miniheap_realloc
                0x0000cc70       0x3c ./build-lm3s6965evb-test/lib/heap/miniheap.mod.o
                0x0000cc70                miniheap_realloc
 .text.miniheap_trim
                0x0000ccac      0x114 ./build-lm3s6965evb-test/lib/heap/miniheap.mod.o
                0x0000ccac                miniheap_trim
 .text.miniheap_init
                0x0000cdc0       0x3c ./build-lm3s6965evb-test/lib/heap/miniheap.mod.o
                0x0000cdc0                miniheap_init
 .text.__debug_stdio_read
                0x0000cdfc       0x1a ./build-lm3s6965evb-test/lib/io.mod.o
 .text.arch_interrupt_restore.constprop.1
                0x0000ce16        0x8 ./build-lm3s6965evb-test/lib/io.mod.o
 .text.arch_interrupt_save.constprop.2
                0x0000ce1e       0x14 ./build-lm3s6965evb-test/lib/io.mod.o
 *fill*         0x0000ce32        0x2 
 .text.__debug_stdio_write
                0x0000ce34       0x64 ./build-lm3s6965evb-test/lib/io.mod.o
 .text.io_write
                0x0000ce98       0x3c ./build-lm3s6965evb-test/lib/io.mod.o
                0x0000ce98                io_write
 .text.io_read  0x0000ced4       0x3c ./build-lm3s6965evb-test/lib/io.mod.o
                0x0000ced4                io_read
 .text          0x0000cf10       0x18 /usr/lib/gcc/arm-none-eabi/4.8.2/armv7-m/libgcc.a(_lshrdi3.o)
                0x0000cf10                __aeabi_llsr
                0x0000cf10                __lshrdi3
 .text          0x0000cf28      0x370 /usr/lib/gcc/arm-none-eabi/4.8.2/armv7-m/libgcc.a(_arm_addsubdf3.o)
                0x0000cf28                __aeabi_drsub
                0x0000cf30                __aeabi_dsub
                0x0000cf30                __subdf3
                0x0000cf34                __adddf3
                0x0000cf34                __aeabi_dadd
                0x0000d1ac                __aeabi_ui2d
                0x0000d1ac                __floatunsidf
                0x0000d1cc                __floatsidf
                0x0000d1cc                __aeabi_i2d
                0x0000d1f0                __extendsfdf2
                0x0000d1f0                __aeabi_f2d
                0x0000d22c                __aeabi_ul2d
                0x0000d22c                __floatundidf
                0x0000d23c                __floatdidf
                0x0000d23c                __aeabi_l2d
 .text          0x0000d298      0x424 /usr/lib/gcc/arm-none-eabi/4.8.2/armv7-m/libgcc.a(_arm_muldivdf3.o)
                0x0000d298                __aeabi_dmul
                0x0000d298                __muldf3
                0x0000d4ec                __aeabi_ddiv
                0x0000d4ec                __divdf3
 .text          0x0000d6bc      0x110 /usr/lib/gcc/arm-none-eabi/4.8.2/armv7-m/libgcc.a(_arm_cmpdf2.o)
                0x0000d6bc                __gtdf2
                0x0000d6bc                __gedf2
                0x0000d6c4                __ltdf2
                0x0000d6c4                __ledf2
                0x0000d6cc                __cmpdf2
                0x0000d6cc                __eqdf2
                0x0000d6cc                __nedf2
                0x0000d748                __aeabi_cdrcmple
                0x0000d758                __aeabi_cdcmple
                0x0000d758                __aeabi_cdcmpeq
                0x0000d768                __aeabi_dcmpeq
                0x0000d77c                __aeabi_dcmplt
                0x0000d790                __aeabi_dcmple
                0x0000d7a4                __aeabi_dcmpge
                0x0000d7b8                __aeabi_dcmpgt
 .text          0x0000d7cc       0x50 /usr/lib/gcc/arm-none-eabi/4.8.2/armv7-m/libgcc.a(_arm_fixdfsi.o)
                0x0000d7cc                __fixdfsi
                0x0000d7cc                __aeabi_d2iz
 .text          0x0000d81c       0x40 /usr/lib/gcc/arm-none-eabi/4.8.2/armv7-m/libgcc.a(_arm_fixunsdfsi.o)
                0x0000d81c                __fixunsdfsi
                0x0000d81c                __aeabi_d2uiz
 .text          0x0000d85c       0xa0 /usr/lib/gcc/arm-none-eabi/4.8.2/armv7-m/libgcc.a(_arm_truncdfsf2.o)
                0x0000d85c                __aeabi_d2f
                0x0000d85c                __truncdfsf2
 .text          0x0000d8fc      0x21c /usr/lib/gcc/arm-none-eabi/4.8.2/armv7-m/libgcc.a(_arm_addsubsf3.o)
                0x0000d8fc                __aeabi_frsub
                0x0000d904                __subsf3
                0x0000d904                __aeabi_fsub
                0x0000d908                __aeabi_fadd
                0x0000d908                __addsf3
                0x0000da68                __aeabi_ui2f
                0x0000da68                __floatunsisf
                0x0000da70                __aeabi_i2f
                0x0000da70                __floatsisf
                0x0000da8c                __floatundisf
                0x0000da8c                __aeabi_ul2f
                0x0000da9c                __floatdisf
                0x0000da9c                __aeabi_l2f
 .text          0x0000db18      0x2a0 /usr/lib/gcc/arm-none-eabi/4.8.2/armv7-m/libgcc.a(_arm_muldivsf3.o)
                0x0000db18                __mulsf3
                0x0000db18                __aeabi_fmul
                0x0000dc80                __divsf3
                0x0000dc80                __aeabi_fdiv
 .text          0x0000ddb8       0x4c /usr/lib/gcc/arm-none-eabi/4.8.2/armv7-m/libgcc.a(_arm_fixsfsi.o)
                0x0000ddb8                __fixsfsi
                0x0000ddb8                __aeabi_f2iz
 .text          0x0000de04       0x2c /usr/lib/gcc/arm-none-eabi/4.8.2/armv7-m/libgcc.a(_aeabi_uldivmod.o)
                0x0000de04                __aeabi_uldivmod
 .text          0x0000de30       0x60 /usr/lib/gcc/arm-none-eabi/4.8.2/armv7-m/libgcc.a(bpabi.o)
                0x0000de30                __gnu_ldivmod_helper
                0x0000de60                __gnu_uldivmod_helper
 .text          0x0000de90        0x4 /usr/lib/gcc/arm-none-eabi/4.8.2/armv7-m/libgcc.a(_dvmd_tls.o)
                0x0000de90                __aeabi_ldiv0
                0x0000de90                __aeabi_idiv0
 .text          0x0000de94      0x2bc /usr/lib/gcc/arm-none-eabi/4.8.2/armv7-m/libgcc.a(_divdi3.o)
                0x0000de94                __divdi3
 .text          0x0000e150      0x284 /usr/lib/gcc/arm-none-eabi/4.8.2/armv7-m/libgcc.a(_udivdi3.o)
                0x0000e150                __udivdi3

.glue_7         0x0000e3d4        0x0
 .glue_7        0x00000000        0x0 linker stubs

.glue_7t        0x0000e3d4        0x0
 .glue_7t       0x00000000        0x0 linker stubs

.vfp11_veneer   0x0000e3d4        0x0
 .vfp11_veneer  0x00000000        0x0 linker stubs

.v4_bx          0x0000e3d4        0x0
 .v4_bx         0x00000000        0x0 linker stubs

.iplt           0x0000e3d4        0x0
 .iplt          0x00000000        0x0 ./build-lm3s6965evb-test/target/lm3s6965evb.mod.o

.rel.dyn        0x0000e3d4        0x0
 .rel.iplt      0x00000000        0x0 ./build-lm3s6965evb-test/target/lm3s6965evb.mod.o

.interp
 *(.interp)

.hash
 *(.hash)

.dynsym
 *(.dynsym)

.dynstr
 *(.dynstr)

.rel.text
 *(.rel.text)
 *(.rel.gnu.linkonce.t*)

.rela.text
 *(.rela.text)
 *(.rela.gnu.linkonce.t*)

.rel.data
 *(.rel.data)
 *(.rel.gnu.linkonce.d*)

.rela.data
 *(.rela.data)
 *(.rela.gnu.linkonce.d*)

.rel.rodata
 *(.rel.rodata)
 *(.rel.gnu.linkonce.r*)

.rela.rodata
 *(.rela.rodata)
 *(.rela.gnu.linkonce.r*)

.rel.got
 *(.rel.got)

.rela.got
 *(.rela.got)

.rel.ctors
 *(.rel.ctors)

.rela.ctors
 *(.rela.ctors)

.rel.dtors
 *(.rel.dtors)

.rela.dtors
 *(.rela.dtors)

.rel.init
 *(.rel.init)

.rela.init
 *(.rela.init)

.rel.fini
 *(.rel.fini)

.rela.fini
 *(.rela.fini)

.rel.bss
 *(.rel.bss)

.rela.bss
 *(.rela.bss)

.rel.plt
 *(.rel.plt)

.rela.plt
 *(.rela.plt)

.init
 *(.init)

.plt
 *(.plt)
                0x0000e3d4                __exidx_start = .

.ARM.exidx      0x0000e3d4        0x8
 *(.ARM.exidx* .gnu.linkonce.armexidx.*)
 .ARM.exidx     0x0000e3d4        0x8 /usr/lib/gcc/arm-none-eabi/4.8.2/armv7-m/libgcc.a(_divdi3.o)
 .ARM.exidx     0x0000e3dc        0x0 /usr/lib/gcc/arm-none-eabi/4.8.2/armv7-m/libgcc.a(_udivdi3.o)
                                  0x8 (size before relaxing)
                0x0000e3dc                __exidx_end = .

.rodata         0x0000e3e0     0x9c89
                0x0000e3e0                __rodata_start = .
                0x0000e3e0                __fault_handler_table_start = .
 *(.rodata.fault_handler_table)
                0x0000e3e0                __fault_handler_table_end = .
 *(.rodata .rodata.* .gnu.linkonce.r.*)
 .rodata.str1.1
                0x0000e3e0       0xad ./build-lm3s6965evb-test/platform/stellaris.mod.o
                                 0xaf (size before relaxing)
 .rodata.str1.1
                0x0000e48d      0x26b ./build-lm3s6965evb-test/arch/arm.mod.o
                                0x26d (size before relaxing)
 .rodata.str1.1
                0x0000e6f8      0x13b ./build-lm3s6965evb-test/top.mod.o
                                0x159 (size before relaxing)
 .rodata.str1.1
                0x0000e833       0x11 ./build-lm3s6965evb-test/app.mod.o
 .rodata.str1.1
                0x0000e844        0x6 ./build-lm3s6965evb-test/app/shell.mod.o
 .rodata.str1.1
                0x0000e84a      0x25f ./build-lm3s6965evb-test/app/stringtests.mod.o
                                0x2be (size before relaxing)
 *fill*         0x0000eaa9        0x3 
 .rodata._cmd_list
                0x0000eaac       0x10 ./build-lm3s6965evb-test/app/stringtests.mod.o
 .rodata        0x0000eabc       0x20 ./build-lm3s6965evb-test/app/tests.mod.o
 .rodata.str1.1
                0x0000eadc     0x1aab ./build-lm3s6965evb-test/app/tests.mod.o
                               0x1bcc (size before relaxing)
 *fill*         0x00010587        0x1 
 .rodata.pat.6055
                0x00010588       0x10 ./build-lm3s6965evb-test/app/tests.mod.o
 .rodata._cmd_list
                0x00010598       0xa0 ./build-lm3s6965evb-test/app/tests.mod.o
 .rodata.float_test_vec
                0x00010638      0x128 ./build-lm3s6965evb-test/app/tests.mod.o
 .rodata.__PRETTY_FUNCTION__.6376
                0x00010760        0xe ./build-lm3s6965evb-test/app/tests.mod.o
 .rodata.str1.1
                0x0001076e       0x6a ./build-lm3s6965evb-test/arch/arm/arm-m/systick.mod.o
 .rodata.str1.1
                0x000107d8       0x6b ./build-lm3s6965evb-test/dev/usb.mod.o
                                 0x96 (size before relaxing)
 .rodata.str1.1
                0x00010843      0x73e ./build-lm3s6965evb-test/kernel.mod.o
                                0x85c (size before relaxing)
 *fill*         0x00010f81        0x3 
 .rodata._cmd_list
                0x00010f84       0x30 ./build-lm3s6965evb-test/kernel.mod.o
 .rodata.CSWTCH.66
                0x00010fb4       0x18 ./build-lm3s6965evb-test/kernel.mod.o
 .rodata.Te3    0x00010fcc      0x400 ./build-lm3s6965evb-test/external/lib/aes.mod.o
 .rodata.rcon   0x000113cc       0x28 ./build-lm3s6965evb-test/external/lib/aes.mod.o
 .rodata.Te0    0x000113f4      0x400 ./build-lm3s6965evb-test/external/lib/aes.mod.o
 .rodata.Te1    0x000117f4      0x400 ./build-lm3s6965evb-test/external/lib/aes.mod.o
 .rodata.Te2    0x00011bf4      0x400 ./build-lm3s6965evb-test/external/lib/aes.mod.o
 .rodata.Te4    0x00011ff4      0x400 ./build-lm3s6965evb-test/external/lib/aes.mod.o
 .rodata.__PRETTY_FUNCTION__.6403
                0x000123f4        0xc ./build-lm3s6965evb-test/external/lib/aes/test.mod.o
 .rodata.expected_ciphertext
                0x00012400       0x10 ./build-lm3s6965evb-test/external/lib/aes/test.mod.o
 .rodata.plaintext
                0x00012410       0x10 ./build-lm3s6965evb-test/external/lib/aes/test.mod.o
 .rodata.str1.1
                0x00012420      0x156 ./build-lm3s6965evb-test/external/lib/aes/test.mod.o
 *fill*         0x00012576        0x2 
 .rodata._cmd_list
                0x00012578       0x20 ./build-lm3s6965evb-test/external/lib/aes/test.mod.o
 .rodata.key    0x00012598       0x10 ./build-lm3s6965evb-test/external/lib/aes/test.mod.o
 .rodata.str1.1
                0x000125a8       0x74 ./build-lm3s6965evb-test/lib/cbuf.mod.o
                                 0x9f (size before relaxing)
 .rodata.crc_table
                0x0001261c      0x400 ./build-lm3s6965evb-test/external/lib/cksum.mod.o
 .rodata.str1.1
                0x00012a1c       0xe4 ./build-lm3s6965evb-test/external/lib/cksum.mod.o
                                0x100 (size before relaxing)
 .rodata._cmd_list
                0x00012b00       0x40 ./build-lm3s6965evb-test/external/lib/cksum.mod.o
 .rodata.str1.1
                0x00012b40      0x31b ./build-lm3s6965evb-test/lib/debugcommands.mod.o
                                0x33f (size before relaxing)
 *fill*         0x00012e5b        0x1 
 .rodata._cmd_list
                0x00012e5c      0x100 ./build-lm3s6965evb-test/lib/debugcommands.mod.o
 .rodata.init_jk
                0x00012f5c       0x10 ./build-lm3s6965evb-test/external/lib/libm.mod.o
 .rodata.ipio2  0x00012f6c      0x108 ./build-lm3s6965evb-test/external/lib/libm.mod.o
 *fill*         0x00013074        0x4 
 .rodata.PIo2   0x00013078       0x40 ./build-lm3s6965evb-test/external/lib/libm.mod.o
 .rodata.str1.1
                0x000130b8       0x9a ./build-lm3s6965evb-test/lib/version.mod.o
                                 0xa2 (size before relaxing)
 *fill*         0x00013152        0x2 
 .rodata._cmd_list
                0x00013154       0x10 ./build-lm3s6965evb-test/lib/version.mod.o
 .rodata.str1.1
                0x00013164       0x4e ./build-lm3s6965evb-test/platform.mod.o
 *fill*         0x000131b2        0x2 
 .rodata._cmd_list
                0x000131b4       0x20 ./build-lm3s6965evb-test/platform.mod.o
 .rodata.str1.1
                0x000131d4     0x44c4 ./build-lm3s6965evb-test/external/platform/stellaris/ti-driverlib.mod.o
                               0x4b14 (size before relaxing)
 .rodata.g_pulXtals
                0x00017698       0x6c ./build-lm3s6965evb-test/external/platform/stellaris/ti-driverlib.mod.o
 .rodata.g_pulRCGCRegs
                0x00017704        0xc ./build-lm3s6965evb-test/external/platform/stellaris/ti-driverlib.mod.o
 .rodata.g_pulSRCRRegs
                0x00017710        0xc ./build-lm3s6965evb-test/external/platform/stellaris/ti-driverlib.mod.o
 .rodata.str1.1
                0x0001771c      0x1f2 ./build-lm3s6965evb-test/kernel/novm.mod.o
                                0x23c (size before relaxing)
 *fill*         0x0001790e        0x2 
 .rodata._cmd_list
                0x00017910       0x10 ./build-lm3s6965evb-test/kernel/novm.mod.o
 .rodata.__func__.6883
                0x00017920        0xd ./build-lm3s6965evb-test/lib/console.mod.o
 *fill*         0x0001792d        0x3 
 .rodata._cmd_list
                0x00017930       0x60 ./build-lm3s6965evb-test/lib/console.mod.o
 .rodata.str1.1
                0x00017990      0x237 ./build-lm3s6965evb-test/lib/console.mod.o
                                0x27b (size before relaxing)
 .rodata.str1.1
                0x00017bc7       0x3a ./build-lm3s6965evb-test/lib/debug.mod.o
                                 0x5d (size before relaxing)
 .rodata.str1.1
                0x00017c01      0x20d ./build-lm3s6965evb-test/lib/heap.mod.o
                                0x2ce (size before relaxing)
 *fill*         0x00017e0e        0x2 
 .rodata._cmd_list
                0x00017e10       0x20 ./build-lm3s6965evb-test/lib/heap.mod.o
 .rodata.str1.1
                0x00017e30       0x72 ./build-lm3s6965evb-test/lib/libc.mod.o
 .rodata.hextable
                0x00017ea2       0x10 ./build-lm3s6965evb-test/lib/libc.mod.o
 .rodata.hextable_caps
                0x00017eb2       0x10 ./build-lm3s6965evb-test/lib/libc.mod.o
 .rodata.__PRETTY_FUNCTION__.6762
                0x00017ec2        0xa ./build-lm3s6965evb-test/lib/heap/miniheap.mod.o
 .rodata.str1.1
                0x00017ecc      0x16a ./build-lm3s6965evb-test/lib/heap/miniheap.mod.o
                                0x18e (size before relaxing)
 *fill*         0x00018036        0x2 
 .rodata.console_io_hooks
                0x00018038        0x8 ./build-lm3s6965evb-test/lib/io.mod.o
 .rodata.str1.1
                0x00018040       0x29 ./build-lm3s6965evb-test/lib/io.mod.o
                                 0x4d (size before relaxing)

.drivers        0x00018069        0x0
                0x00018069                __drivers = .
 *(.drivers)
                0x00018069                __drivers_end = .

.apps           0x0001806c       0x3c
                0x0001806c                __apps_start = .
 *(.apps)
 .apps          0x0001806c       0x14 ./build-lm3s6965evb-test/app/shell.mod.o
                0x0001806c                _app_shell
 .apps          0x00018080       0x14 ./build-lm3s6965evb-test/app/stringtests.mod.o
                0x00018080                _app_stringtests
 .apps          0x00018094       0x14 ./build-lm3s6965evb-test/app/tests.mod.o
                0x00018094                _app_tests
                0x000180a8                __apps_end = .

.lk_init        0x000180a8       0x30
                0x000180a8                __lk_init = .
 *(.lk_init)
 .lk_init       0x000180a8       0x10 ./build-lm3s6965evb-test/dev/usb.mod.o
                0x000180a8                _init_struct_usb
 .lk_init       0x000180b8       0x10 ./build-lm3s6965evb-test/lib/version.mod.o
                0x000180b8                _init_struct_version
 .lk_init       0x000180c8       0x10 ./build-lm3s6965evb-test/kernel/novm.mod.o
                0x000180c8                _init_struct_novm
                0x000180d8                __lk_init_end = .

.dummy_post_rodata
                0x000180d8        0x0
                0x000180d8                __rodata_end = .
                0x000180d8                __rom_end = .
                0x000180d8                __data_start_rom = .
                0x20000000                . = 0x20000000

.data           0x20000000       0x84 load address 0x000180d8
                0x20000000                __data_start = .
 *(.data .data.* .gnu.linkonce.d.*)
 .data.isem.6260
                0x20000000       0x18 ./build-lm3s6965evb-test/app/tests.mod.o
 .data.ievent.6328
                0x20000018       0x1c ./build-lm3s6965evb-test/app/tests.mod.o
 .data.imutex.6289
                0x20000034       0x1c ./build-lm3s6965evb-test/app/tests.mod.o
 .data.context1
                0x20000050        0x4 ./build-lm3s6965evb-test/app/tests.mod.o
                0x20000050                context1
 .data.i.4793   0x20000054        0x1 ./build-lm3s6965evb-test/dev/usb.mod.o
 *fill*         0x20000055        0x1 
 .data.i.4795   0x20000056        0x2 ./build-lm3s6965evb-test/dev/usb.mod.o
 .data.echo     0x20000058        0x1 ./build-lm3s6965evb-test/lib/console.mod.o
 *fill*         0x20000059        0x3 
 .data.delayed_free_list
                0x2000005c        0x8 ./build-lm3s6965evb-test/lib/heap.mod.o
                0x2000005c                delayed_free_list
 .data.randseed
                0x20000064        0x4 ./build-lm3s6965evb-test/lib/libc.mod.o
 .data.__stdio_FILEs
                0x20000068        0xc ./build-lm3s6965evb-test/lib/libc.mod.o
                0x20000068                __stdio_FILEs
 .data.console_io
                0x20000074        0x8 ./build-lm3s6965evb-test/lib/io.mod.o
                0x20000074                console_io
 .data.print_callbacks
                0x2000007c        0x8 ./build-lm3s6965evb-test/lib/io.mod.o

.igot.plt       0x20000084        0x0 load address 0x0001815c
 .igot.plt      0x00000000        0x0 ./build-lm3s6965evb-test/target/lm3s6965evb.mod.o

.commands       0x20000084       0x9c load address 0x0001815c
                0x20000084                __commands_start = .
 *(.commands)
 .commands      0x20000084        0xc ./build-lm3s6965evb-test/app/stringtests.mod.o
                0x20000084                _cmd_block_stringtests
 .commands      0x20000090       0x18 ./build-lm3s6965evb-test/app/tests.mod.o
                0x20000090                _cmd_block_mem_tests
                0x2000009c                _cmd_block_tests
 .commands      0x200000a8        0xc ./build-lm3s6965evb-test/kernel.mod.o
                0x200000a8                _cmd_block_kernel
 .commands      0x200000b4        0xc ./build-lm3s6965evb-test/external/lib/aes/test.mod.o
                0x200000b4                _cmd_block_aes_test
 .commands      0x200000c0        0xc ./build-lm3s6965evb-test/external/lib/cksum.mod.o
                0x200000c0                _cmd_block_crc
 .commands      0x200000cc        0xc ./build-lm3s6965evb-test/lib/debugcommands.mod.o
                0x200000cc                _cmd_block_mem
 .commands      0x200000d8        0xc ./build-lm3s6965evb-test/lib/version.mod.o
                0x200000d8                _cmd_block_version
 .commands      0x200000e4        0xc ./build-lm3s6965evb-test/platform.mod.o
                0x200000e4                _cmd_block_platform_power
 .commands      0x200000f0        0xc ./build-lm3s6965evb-test/kernel/novm.mod.o
                0x200000f0                _cmd_block_novm
 .commands      0x200000fc        0xc ./build-lm3s6965evb-test/lib/console.mod.o
                0x200000fc                _cmd_block_help
 .commands      0x20000108       0x18 ./build-lm3s6965evb-test/lib/heap.mod.o
                0x20000108                _cmd_block_heap
                0x20000114                _cmd_block_page_alloc
                0x20000120                __commands_end = .

.devices        0x20000120        0x0
                0x20000120                __devices = .
 *(.devices)
                0x20000120                __devices_end = .

.sram.text
 *(.sram.text*)

.ctors          0x20000120        0x0
                0x20000120                __ctor_list = .
 *(.ctors .init_array)
                0x20000120                __ctor_end = .

.dtors          0x20000120        0x0
                0x20000120                __dtor_list = .
 *(.dtors .fini_array)
                0x20000120                __dtor_end = .

.got
 *(.got.plt)
 *(.got)

.dynamic
 *(.dynamic)

.dummy_post_data
                0x20000120        0x0
                0x20000120                __data_end = .

.bss            0x20000120      0x898 load address 0x00018200
 *(.bss.prebss.*)
 .bss.prebss.initial_stack
                0x20000120      0x400 ./build-lm3s6965evb-test/arch/arm.mod.o
                0x20000520                . = ALIGN (0x4)
                0x20000520                __bss_start = .
 *(.bss .bss.*)
 .bss.debug_rx_buf
                0x20000520       0x30 ./build-lm3s6965evb-test/platform/stellaris.mod.o
 .bss.pending_addr_change
                0x20000550        0x1 ./build-lm3s6965evb-test/platform/stellaris.mod.o
 .bss.addr      0x20000551        0x1 ./build-lm3s6965evb-test/platform/stellaris.mod.o
 *fill*         0x20000552        0x2 
 .bss._current_thread
                0x20000554        0x4 ./build-lm3s6965evb-test/arch/arm.mod.o
                0x20000554                _current_thread
 .bss.preempt_frame
                0x20000558        0x4 ./build-lm3s6965evb-test/arch/arm.mod.o
 .bss.lk_boot_args
                0x2000055c       0x10 ./build-lm3s6965evb-test/top.mod.o
                0x2000055c                lk_boot_args
 .bss.dst       0x2000056c        0x4 ./build-lm3s6965evb-test/app/stringtests.mod.o
 .bss.src2      0x20000570        0x4 ./build-lm3s6965evb-test/app/stringtests.mod.o
 .bss.dst2      0x20000574        0x4 ./build-lm3s6965evb-test/app/stringtests.mod.o
 .bss.src       0x20000578        0x4 ./build-lm3s6965evb-test/app/stringtests.mod.o
 .bss.context_switch_event
                0x2000057c       0x1c ./build-lm3s6965evb-test/app/tests.mod.o
 .bss.preempt_count
                0x20000598        0x4 ./build-lm3s6965evb-test/app/tests.mod.o
 .bss.context_switch_done_event
                0x2000059c       0x1c ./build-lm3s6965evb-test/app/tests.mod.o
 .bss.sem_threads
                0x200005b8        0x4 ./build-lm3s6965evb-test/app/tests.mod.o
 .bss.atomic_count
                0x200005bc        0x4 ./build-lm3s6965evb-test/app/tests.mod.o
 .bss.sem_test_mutex
                0x200005c0       0x1c ./build-lm3s6965evb-test/app/tests.mod.o
 .bss.atomic    0x200005dc        0x4 ./build-lm3s6965evb-test/app/tests.mod.o
 .bss.sem       0x200005e0       0x18 ./build-lm3s6965evb-test/app/tests.mod.o
 .bss.shared.6271
                0x200005f8        0x4 ./build-lm3s6965evb-test/app/tests.mod.o
 .bss.sem_remaining_its
                0x200005fc        0x4 ./build-lm3s6965evb-test/app/tests.mod.o
 .bss.e         0x20000600       0x1c ./build-lm3s6965evb-test/app/tests.mod.o
 .bss.tick_interval_ms
                0x2000061c        0x4 ./build-lm3s6965evb-test/arch/arm/arm-m/systick.mod.o
 .bss.cb        0x20000620        0x4 ./build-lm3s6965evb-test/arch/arm/arm-m/systick.mod.o
 *fill*         0x20000624        0x4 
 .bss.tick_interval_us
                0x20000628        0x8 ./build-lm3s6965evb-test/arch/arm/arm-m/systick.mod.o
 .bss.tick_rate_mhz
                0x20000630        0x4 ./build-lm3s6965evb-test/arch/arm/arm-m/systick.mod.o
 *fill*         0x20000634        0x4 
 .bss.ticks     0x20000638        0x8 ./build-lm3s6965evb-test/arch/arm/arm-m/systick.mod.o
 .bss.cb_args   0x20000640        0x4 ./build-lm3s6965evb-test/arch/arm/arm-m/systick.mod.o
 .bss.tick_rate
                0x20000644        0x4 ./build-lm3s6965evb-test/arch/arm/arm-m/systick.mod.o
 .bss.usb       0x20000648       0x80 ./build-lm3s6965evb-test/dev/usb.mod.o
 .bss.tltimer.6613
                0x200006c8       0x1c ./build-lm3s6965evb-test/kernel.mod.o
 *fill*         0x200006e4        0x4 
 .bss.old_stats.6596
                0x200006e8       0x30 ./build-lm3s6965evb-test/kernel.mod.o
 .bss.showthreadload.6612
                0x20000718        0x1 ./build-lm3s6965evb-test/kernel.mod.o
 *fill*         0x20000719        0x7 
 .bss.last_idle_time.6597
                0x20000720        0x8 ./build-lm3s6965evb-test/kernel.mod.o
 .bss.thread_stats
                0x20000728       0x30 ./build-lm3s6965evb-test/kernel.mod.o
                0x20000728                thread_stats
 .bss._idle_thread
                0x20000758       0x78 ./build-lm3s6965evb-test/kernel.mod.o
 .bss.run_queue
                0x200007d0      0x100 ./build-lm3s6965evb-test/kernel.mod.o
 .bss.run_queue_bitmap
                0x200008d0        0x4 ./build-lm3s6965evb-test/kernel.mod.o
 .bss.thread_lock
                0x200008d4        0x4 ./build-lm3s6965evb-test/kernel.mod.o
                0x200008d4                thread_lock
 .bss.thread_list
                0x200008d8        0x8 ./build-lm3s6965evb-test/kernel.mod.o
 .bss.timers    0x200008e0       0x20 ./build-lm3s6965evb-test/kernel.mod.o
 .bss.timer_lock
                0x20000900        0x4 ./build-lm3s6965evb-test/kernel.mod.o
                0x20000900                timer_lock
 .bss.write_port_list
                0x20000904        0x8 ./build-lm3s6965evb-test/kernel.mod.o
 .bss.address.6722
                0x2000090c        0x4 ./build-lm3s6965evb-test/lib/debugcommands.mod.o
 .bss.len.6723  0x20000910        0x4 ./build-lm3s6965evb-test/lib/debugcommands.mod.o
 .bss.mem_allocation_map.6723
                0x20000914       0x10 ./build-lm3s6965evb-test/kernel/novm.mod.o
 .bss.arena     0x20000924       0x38 ./build-lm3s6965evb-test/kernel/novm.mod.o
                0x20000924                arena
 .bss.lastresult
                0x2000095c        0x4 ./build-lm3s6965evb-test/lib/console.mod.o
                0x2000095c                lastresult
 .bss.history   0x20000960        0x4 ./build-lm3s6965evb-test/lib/console.mod.o
 .bss.debug_buffer
                0x20000964        0x4 ./build-lm3s6965evb-test/lib/console.mod.o
 .bss.abort_script
                0x20000968        0x1 ./build-lm3s6965evb-test/lib/console.mod.o
 *fill*         0x20000969        0x3 
 .bss.history_next
                0x2000096c        0x4 ./build-lm3s6965evb-test/lib/console.mod.o
 .bss.command_list
                0x20000970        0x4 ./build-lm3s6965evb-test/lib/console.mod.o
 .bss.command_lock
                0x20000974        0x4 ./build-lm3s6965evb-test/lib/console.mod.o
 .bss.heap_trace
                0x20000978        0x1 ./build-lm3s6965evb-test/lib/heap.mod.o
 *fill*         0x20000979        0x3 
 .bss.delayed_free_lock
                0x2000097c        0x4 ./build-lm3s6965evb-test/lib/heap.mod.o
                0x2000097c                delayed_free_lock
 .bss.theheap   0x20000980       0x34 ./build-lm3s6965evb-test/lib/heap/miniheap.mod.o
 .bss.print_spin_lock
                0x200009b4        0x4 ./build-lm3s6965evb-test/lib/io.mod.o
 *(.gnu.linkonce.b.*)
 *(COMMON)
                0x200009b8                . = ALIGN (0x4)
                0x200009b8                __bss_end = .
                0x200009b8                _end = .
                0x20010000                . = 0x20010000
                0x20010000                _end_of_ram = .

/DISCARD/
 *(.comment .note .eh_frame)
OUTPUT(build-lm3s6965evb-test/lk.elf elf32-littlearm)

.ARM.attributes
                0x00000000       0x31
 .ARM.attributes
                0x00000000       0x33 ./build-lm3s6965evb-test/platform/stellaris.mod.o
 .ARM.attributes
                0x00000033       0x33 ./build-lm3s6965evb-test/arch/arm.mod.o
 .ARM.attributes
                0x00000066       0x33 ./build-lm3s6965evb-test/top.mod.o
 .ARM.attributes
                0x00000099       0x33 ./build-lm3s6965evb-test/app.mod.o
 .ARM.attributes
                0x000000cc       0x33 ./build-lm3s6965evb-test/app/shell.mod.o
 .ARM.attributes
                0x000000ff       0x33 ./build-lm3s6965evb-test/app/stringtests.mod.o
 .ARM.attributes
                0x00000132       0x31 ./build-lm3s6965evb-test/app/tests.mod.o
 .ARM.attributes
                0x00000163       0x33 ./build-lm3s6965evb-test/arch/arm/arm-m/systick.mod.o
 .ARM.attributes
                0x00000196       0x33 ./build-lm3s6965evb-test/dev/usb.mod.o
 .ARM.attributes
                0x000001c9       0x33 ./build-lm3s6965evb-test/kernel.mod.o
 .ARM.attributes
                0x000001fc       0x33 ./build-lm3s6965evb-test/external/lib/aes.mod.o
 .ARM.attributes
                0x0000022f       0x33 ./build-lm3s6965evb-test/external/lib/aes/test.mod.o
 .ARM.attributes
                0x00000262       0x33 ./build-lm3s6965evb-test/lib/cbuf.mod.o
 .ARM.attributes
                0x00000295       0x33 ./build-lm3s6965evb-test/external/lib/cksum.mod.o
 .ARM.attributes
                0x000002c8       0x33 ./build-lm3s6965evb-test/lib/debugcommands.mod.o
 .ARM.attributes
                0x000002fb       0x33 ./build-lm3s6965evb-test/external/lib/libm.mod.o
 .ARM.attributes
                0x0000032e       0x33 ./build-lm3s6965evb-test/lib/version.mod.o
 .ARM.attributes
                0x00000361       0x33 ./build-lm3s6965evb-test/platform.mod.o
 .ARM.attributes
                0x00000394       0x33 ./build-lm3s6965evb-test/external/platform/stellaris/ti-driverlib.mod.o
 .ARM.attributes
                0x000003c7       0x33 ./build-lm3s6965evb-test/target.mod.o
 .ARM.attributes
                0x000003fa       0x33 ./build-lm3s6965evb-test/kernel/novm.mod.o
 .ARM.attributes
                0x0000042d       0x33 ./build-lm3s6965evb-test/lib/console.mod.o
 .ARM.attributes
                0x00000460       0x33 ./build-lm3s6965evb-test/lib/debug.mod.o
 .ARM.attributes
                0x00000493       0x33 ./build-lm3s6965evb-test/lib/heap.mod.o
 .ARM.attributes
                0x000004c6       0x31 ./build-lm3s6965evb-test/lib/libc.mod.o
 .ARM.attributes
                0x000004f7       0x33 ./build-lm3s6965evb-test/lib/heap/miniheap.mod.o
 .ARM.attributes
                0x0000052a       0x33 ./build-lm3s6965evb-test/lib/io.mod.o
 .ARM.attributes
                0x0000055d       0x1d /usr/lib/gcc/arm-none-eabi/4.8.2/armv7-m/libgcc.a(_lshrdi3.o)
 .ARM.attributes
                0x0000057a       0x1d /usr/lib/gcc/arm-none-eabi/4.8.2/armv7-m/libgcc.a(_arm_addsubdf3.o)
 .ARM.attributes
                0x00000597       0x1d /usr/lib/gcc/arm-none-eabi/4.8.2/armv7-m/libgcc.a(_arm_muldivdf3.o)
 .ARM.attributes
                0x000005b4       0x1d /usr/lib/gcc/arm-none-eabi/4.8.2/armv7-m/libgcc.a(_arm_cmpdf2.o)
 .ARM.attributes
                0x000005d1       0x1d /usr/lib/gcc/arm-none-eabi/4.8.2/armv7-m/libgcc.a(_arm_fixdfsi.o)
 .ARM.attributes
                0x000005ee       0x1d /usr/lib/gcc/arm-none-eabi/4.8.2/armv7-m/libgcc.a(_arm_fixunsdfsi.o)
 .ARM.attributes
                0x0000060b       0x1d /usr/lib/gcc/arm-none-eabi/4.8.2/armv7-m/libgcc.a(_arm_truncdfsf2.o)
 .ARM.attributes
                0x00000628       0x1d /usr/lib/gcc/arm-none-eabi/4.8.2/armv7-m/libgcc.a(_arm_addsubsf3.o)
 .ARM.attributes
                0x00000645       0x1d /usr/lib/gcc/arm-none-eabi/4.8.2/armv7-m/libgcc.a(_arm_muldivsf3.o)
 .ARM.attributes
                0x00000662       0x1d /usr/lib/gcc/arm-none-eabi/4.8.2/armv7-m/libgcc.a(_arm_fixsfsi.o)
 .ARM.attributes
                0x0000067f       0x1d /usr/lib/gcc/arm-none-eabi/4.8.2/armv7-m/libgcc.a(_aeabi_uldivmod.o)
 .ARM.attributes
                0x0000069c       0x2d /usr/lib/gcc/arm-none-eabi/4.8.2/armv7-m/libgcc.a(bpabi.o)
 .ARM.attributes
                0x000006c9       0x1d /usr/lib/gcc/arm-none-eabi/4.8.2/armv7-m/libgcc.a(_dvmd_tls.o)